Microchip Technology Inc, v1.70 (A)

Tool Name:
  c:\program files\microchip\xc16\v1.70\bin\bin\..\bin/elf-ld.exe

Command:
  -p24F16KA301 \
  -o \
  dist/default/production/PIC24_boot.X.production.elf \
  -Lc:/program files/microchip/xc16/v1.70/bin/bin/.. \
  -Lc:/program files/microchip/xc16/v1.70/bin/bin/../../lib \
  -Lc:/program files/microchip/xc16/v1.70/bin/bin/../../support/PIC24E/gld \
  -Lc:/program files/microchip/xc16/v1.70/bin/bin/../../support/PIC24F/gld \
  -Lc:/program files/microchip/xc16/v1.70/bin/bin/../../support/PIC24H/gld \
  -Lc:/program files/microchip/xc16/v1.70/bin/bin/../../support/dsPIC30F/gld \
  -Lc:/program files/microchip/xc16/v1.70/bin/bin/../../support/dsPIC33C/gld \
  -Lc:/program files/microchip/xc16/v1.70/bin/bin/../../support/dsPIC33E/gld \
  -Lc:/program files/microchip/xc16/v1.70/bin/bin/../../support/dsPIC33F/gld \
  build/default/production/mainXC16.o \
  build/default/production/flash.o \
  --defsym=__MPLAB_BUILD=1 \
  -Tp24F16KA301.gld.00 \
  --stack=16 \
  --check-sections \
  --no-data-init \
  --pack-data \
  --handles \
  --isr \
  --no-gc-sections \
  --fill-upper=0 \
  --stackguard=16 \
  --no-force-link \
  --smart-io \
  -Map=dist/default/production/PIC24_boot.X.production.map \
  --report-mem \
  --memorysummary \
  dist/default/production/memoryfile.xml \
  -start-group \
  --library=lega-pic30-elf \
  --library=m-elf \
  --library=lega-c-elf \
  -end-group \


Optional library libpPIC24Fxxx.a not found
Archive member included because of file (symbol)

c:/program files/microchip/xc16/v1.70/bin/bin/../../lib\liblega-pic30-elf.a(crt1_standard.o)
                              (__resetALT)
c:/program files/microchip/xc16/v1.70/bin/bin/../../lib\liblega-pic30-elf.a(crt_start_mode_normal.Leo)
                              (__crt_start_mode_normal)


Selected CodeGuard Options:
  FGS:GWRP:OFF
  FGS:GSS0:OFF
  FBS:BWRP:ON
  FBS:BSS:STD1K

CodeGuard FLASH Memory:
  boot    0x200 to 0xafe
  secure  (none)
  general (none)

CodeGuard RAM Memory:
  general 0x800 to 0xfff
  secure  (none)
  boot    (none)

CodeGuard EEPROM Memory:
  general 0x7ffe00 to 0x7fffff
  secure  (none)
  boot    (none)


xc16-ld 1.70 (A)

Default Code Model: Small
Default Data Model: Small
Default Scalar Model: Small

"program" Memory  [Origin = 0x200, Length = 0x900]

section                    address   length (PC units)   length (bytes) (dec)
-------                    -------   -----------------   --------------------
.text                        0x200                0x2c            0x42  (66)
.boot                        0x22c               0x3a0           0x570  (1392)

                 Total "program" memory used (bytes):          0x5b2  (1458) 42%


"data" Memory  [Origin = 0x800, Length = 0x800]

section                    address      alignment gaps    total length  (dec)
-------                    -------      --------------    -------------------
_0000000003A574606237421b     0x800                   0           0x180  (384)
_0000000003A575006237421b     0x980                   0            0x80  (128)

                 Total "data" memory used (bytes):          0x200  (512) 25%


Dynamic Memory Usage

region                     address                      maximum length  (dec)
------                     -------                      ---------------------
heap                             0                                   0  (0)
stack                        0xa00                               0x600  (1536)

                 Maximum dynamic memory (bytes):          0x600  (1536)


External Symbols in Data Memory (by address):

                    0x0800                  _pgm_buff
                    0x0980                  _unused

External Symbols in Data Memory (by name):

                    0x0800                  _pgm_buff
                    0x0980                  _unused

External Symbols in Program Memory (by address):

                  0x000200                  __resetALT
                  0x000226                  __DefaultInterrupt
                  0x00022c                  _main
                  0x000456                  _cleanExit
                  0x00047c                  _readChar
                  0x0004b0                  _waitChar
                  0x0004cc                  _sendWord
                  0x0004e4                  _sendChar
                  0x000506                  _write_buf_pgm
                  0x00057c                  _write_buf_eem
                  0xf80000                  __FBS.sec
                  0xf80004                  __FGS.sec

External Symbols in Program Memory (by name):

                  0x000226                  __DefaultInterrupt
                  0xf80000                  __FBS.sec
                  0xf80004                  __FGS.sec
                  0x000200                  __resetALT
                  0x000456                  _cleanExit
                  0x00022c                  _main
[...]
Memory Configuration

Name             Origin             Length             Attributes
data             0x000800           0x000800           a !xr
reset            0x000000           0x000004  
ivt              0x000004           0x0000fc  
_reserved        0x000100           0x000004  
aivt             0x000104           0x0000fc  
program          0x000200           0x000900           xr
j_ivt            0x000b00           0x000200  
eedata           0x7ffe00           0x000200  
FBS              0xf80000           0x000002  
FGS              0xf80004           0x000002  
FOSCSEL          0xf80006           0x000002  
FOSC             0xf80008           0x000002  
FWDT             0xf8000a           0x000002  
FPOR             0xf8000c           0x000002  
FICD             0xf8000e           0x000002  
FDS              0xf80010           0x000002  
*default*        0x000000           0xffffffff  

Linker script and memory map

LOAD build/default/production/mainXC16.o
LOAD build/default/production/flash.o
                    0x0001                  __MPLAB_BUILD = 0x1
LOAD pPIC24Fxxx
LOAD c:/program files/microchip/xc16/v1.70/bin/bin/../../lib\libfx-elf.a
                    0xf80000                  __FBS = 0xf80000
                    0xf80004                  __FGS = 0xf80004
                    0xf80006                  __FOSCSEL = 0xf80006
                    0xf80008                  __FOSC = 0xf80008
                    0xf8000a                  __FWDT = 0xf8000a
                    0xf8000c                  __FPOR = 0xf8000c
                    0xf8000e                  __FICD = 0xf8000e
                    0xf80010                  __FDS = 0xf80010
                    0x0001                  __NO_HANDLES = 0x1
                    0x0200                  __CODE_BASE = 0x200
                    0x2a00                  __CODE_LENGTH = 0x2a00
                    0x0004                  __IVT_BASE = 0x4
                    0x0104                  __AIVT_BASE = 0x104
                    0x0800                  __DATA_BASE = 0x800
                    0x0800                  __DATA_LENGTH = 0x800

.reset            0x000000          0x4
                  0x000000          0x2 SHORT 0x200 ABSOLUTE (__reset)
                  0x000001          0x2 SHORT 0x4
                  0x000002          0x2 SHORT 0x0 ((ABSOLUTE (__reset) >> 0x10) & 0x7f)
                  0x000003          0x2 SHORT 0x0

.text             0x000200         0x2c
 *(.init)
 .init            0x000200         0x26 c:/program files/microchip/xc16/v1.70/bin/bin/../../lib\liblega-pic30-elf.a(crt1_standard.o)
                  0x000200                  __resetALT
                  0x000200                  __reset
 *(.user_init)
 *(.handle)
 *(.isr*)
 .isr             0x000226          0x4 default_isr
                  0x000226                  __DefaultInterrupt
 *(.libc)
 *(.libm)
 *(.libdsp)
 *(.lib*)
 .libpic30_crt_start_mode
                  0x00022a          0x2 c:/program files/microchip/xc16/v1.70/bin/bin/../../lib\liblega-pic30-elf.a(crt_start_mode_normal.Leo)
                  0x00022a                  __crt_start_mode
                  0x00022a                  __crt_start_mode_normal

usercode
 *(usercode)

__FBS             0xf80000          0x2
 *(__FBS.sec*)
 __FBS.sec        0xf80000          0x2 /CW/_FBS0š±
                  0xf80000                  __FBS.sec

__FGS             0xf80004          0x2
 *(__FGS.sec*)
 __FGS.sec        0xf80004          0x2 /CW/_FGS Š±
                  0xf80004                  __FGS.sec

__FOSCSEL
 *(__FOSCSEL.sec*)

__FOSC
 *(__FOSC.sec*)

__FWDT
 *(__FWDT.sec*)

__FPOR
 *(__FPOR.sec*)

__FICD
 *(__FICD.sec*)

__FDS
 *(__FDS.sec*)

.comment
 *(.comment)

.debug_info       0x000000       0x10f4
 *(.debug_info)
 .debug_info      0x000000        0xd3a build/default/production/mainXC16.o
 .debug_info      0x000d3a        0x3ba build/default/production/flash.o
 *(.gnu.linkonce.wi.*)

.debug_abbrev     0x000000        0x2d5
 *(.debug_abbrev)
 .debug_abbrev    0x000000        0x1bb build/default/production/mainXC16.o
 .debug_abbrev    0x0001bb        0x11a build/default/production/flash.o

.debug_line       0x000000        0x27c
 *(.debug_line)
 .debug_line      0x000000        0x17b build/default/production/mainXC16.o
 .debug_line      0x00017b        0x101 build/default/production/flash.o

.debug_frame      0x000000        0x110
 *(.debug_frame)
 .debug_frame     0x000000         0xb8 build/default/production/mainXC16.o
 .debug_frame     0x0000b8         0x58 build/default/production/flash.o

.debug_str        0x000000         0x69
 *(.debug_str)
 .debug_str       0x000000         0x55 build/default/production/mainXC16.o
 .debug_str       0x000055         0x14 build/default/production/flash.o

.debug_loc
 *(.debug_loc)

.debug_macinfo
 *(.debug_macinfo)

.debug_pubnames
                  0x000000         0xab
 *(.debug_pubnames)
 .debug_pubnames
                  0x000000         0x75 build/default/production/mainXC16.o
 .debug_pubnames
                  0x000075         0x36 build/default/production/flash.o

.debug_ranges
 *(.debug_ranges)

.debug_aranges    0x000000         0x30
 *(.debug_aranges)
 .debug_aranges
                  0x000000         0x18 build/default/production/mainXC16.o
 .debug_aranges
                  0x000018         0x18 build/default/production/flash.o
                    0x0b00                  __JIVT_BASE = 0xb00
                    0x0b00                  J__ReservedTrap0 = 0xb00
                    0x0b02                  J__OscillatorFail = 0xb02
                    0x0b04                  J__AddressError = 0xb04
                    0x0b06                  J__StackError = 0xb06
                    0x0b08                  J__MathError = 0xb08
                    0x0b0a                  J__ReservedTrap5 = 0xb0a
                    0x0b0c                  J__ReservedTrap6 = 0xb0c
                    0x0b0e                  J__ReservedTrap7 = 0xb0e
                    0x0b10                  J__INT0Interrupt = 0xb10
                    0x0b12                  J__IC1Interrupt = 0xb12
                    0x0b14                  J__OC1Interrupt = 0xb14
                    0x0b16                  J__T1Interrupt = 0xb16
                    0x0b18                  J__Interrupt4 = 0xb18
                    0x0b1a                  J__IC2Interrupt = 0xb1a
                    0x0b1c                  J__OC2Interrupt = 0xb1c
                    0x0b1e                  J__T2Interrupt = 0xb1e
                    0x0b20                  J__T3Interrupt = 0xb20
                    0x0b22                  J__SPI1ErrInterrupt = 0xb22
                    0x0b24                  J__SPI1Interrupt = 0xb24
                    0x0b26                  J__U1RXInterrupt = 0xb26
                    0x0b28                  J__U1TXInterrupt = 0xb28
                    0x0b2a                  J__ADC1Interrupt = 0xb2a
                    0x0b2c                  J__Interrupt14 = 0xb2c
                    0x0b2e                  J__NVMInterrupt = 0xb2e
                    0x0b30                  J__SI2C1Interrupt = 0xb30
                    0x0b32                  J__MI2C1Interrupt = 0xb32
                    0x0b34                  J__CompInterrupt = 0xb34
                    0x0b36                  J__CNInterrupt = 0xb36
                    0x0b38                  J__INT1Interrupt = 0xb38
                    0x0b3a                  J__Interrupt21 = 0xb3a
                    0x0b3c                  J__Interrupt22 = 0xb3c
                    0x0b3e                  J__Interrupt23 = 0xb3e
                    0x0b40                  J__Interrupt24 = 0xb40
                    0x0b42                  J__OC3Interrupt = 0xb42
                    0x0b44                  J__Interrupt26 = 0xb44
                    0x0b46                  J__T4Interrupt = 0xb46
                    0x0b48                  J__T5Interrupt = 0xb48
                    0x0b4a                  J__INT2Interrupt = 0xb4a
                    0x0b4c                  J__U2RXInterrupt = 0xb4c
                    0x0b4e                  J__U2TXInterrupt = 0xb4e
                    0x0b50                  J__SPI2ErrInterrupt = 0xb50
                    0x0b52                  J__SPI2Interrupt = 0xb52
                    0x0b54                  J__Interrupt34 = 0xb54
                    0x0b56                  J__Interrupt35 = 0xb56
                    0x0b58                  J__Interrupt36 = 0xb58
                    0x0b5a                  J__IC3Interrupt = 0xb5a
                    0x0b5c                  J__Interrupt38 = 0xb5c
                    0x0b5e                  J__Interrupt39 = 0xb5e
                    0x0b60                  J__Interrupt40 = 0xb60
                    0x0b62                  J__Interrupt41 = 0xb62
                    0x0b64                  J__Interrupt42 = 0xb64
                    0x0b66                  J__Interrupt43 = 0xb66
                    0x0b68                  J__Interrupt44 = 0xb68
                    0x0b6a                  J__Interrupt45 = 0xb6a
                    0x0b6c                  J__Interrupt46 = 0xb6c
                    0x0b6e                  J__Interrupt47 = 0xb6e
                    0x0b70                  J__Interrupt48 = 0xb70
                    0x0b72                  J__SI2C2Interrupt = 0xb72
                    0x0b74                  J__MI2C2Interrupt = 0xb74
                    0x0b76                  J__Interrupt51 = 0xb76
                    0x0b78                  J__Interrupt52 = 0xb78
                    0x0b7a                  J__Interrupt53 = 0xb7a
                    0x0b7c                  J__Interrupt54 = 0xb7c
                    0x0b7e                  J__Interrupt55 = 0xb7e
                    0x0b80                  J__Interrupt56 = 0xb80
                    0x0b82                  J__Interrupt57 = 0xb82
                    0x0b84                  J__Interrupt58 = 0xb84
                    0x0b86                  J__Interrupt59 = 0xb86
                    0x0b88                  J__Interrupt60 = 0xb88
                    0x0b8a                  J__Interrupt61 = 0xb8a
                    0x0b8c                  J__RTCCInterrupt = 0xb8c
                    0x0b8e                  J__Interrupt63 = 0xb8e
                    0x0b90                  J__Interrupt64 = 0xb90
                    0x0b92                  J__U1ErrInterrupt = 0xb92
                    0x0b94                  J__U2ErrInterrupt = 0xb94
                    0x0b96                  J__CRCInterrupt = 0xb96
                    0x0b98                  J__Interrupt68 = 0xb98
                    0x0b9a                  J__Interrupt69 = 0xb9a
                    0x0b9c                  J__Interrupt70 = 0xb9c
                    0x0b9e                  J__Interrupt71 = 0xb9e
                    0x0ba0                  J__LVDInterrupt = 0xba0
                    0x0ba2                  J__Interrupt73 = 0xba2
                    0x0ba4                  J__Interrupt74 = 0xba4
                    0x0ba6                  J__Interrupt75 = 0xba6
                    0x0ba8                  J__Interrupt76 = 0xba8
                    0x0baa                  J__CTMUInterrupt = 0xbaa
                    0x0bac                  J__Interrupt78 = 0xbac
                    0x0bae                  J__Interrupt79 = 0xbae
                    0x0bb0                  J__ULPWUInterrupt = 0xbb0
                    0x0bb2                  J__Interrupt81 = 0xbb2
                    0x0bb4                  J__Interrupt82 = 0xbb4
                    0x0bb6                  J__Interrupt83 = 0xbb6
                    0x0bb8                  J__Interrupt84 = 0xbb8
                    0x0bba                  J__Interrupt85 = 0xbba
                    0x0bbc                  J__Interrupt86 = 0xbbc
                    0x0bbe                  J__Interrupt87 = 0xbbe
                    0x0bc0                  J__Interrupt88 = 0xbc0
                    0x0bc2                  J__Interrupt89 = 0xbc2
                    0x0bc4                  J__Interrupt90 = 0xbc4
                    0x0bc6                  J__Interrupt91 = 0xbc6
                    0x0bc8                  J__Interrupt92 = 0xbc8
                    0x0bca                  J__Interrupt93 = 0xbca
                    0x0bcc                  J__Interrupt94 = 0xbcc
                    0x0bce                  J__Interrupt95 = 0xbce
                    0x0bd0                  J__Interrupt96 = 0xbd0
                    0x0bd2                  J__Interrupt97 = 0xbd2
                    0x0bd4                  J__Interrupt98 = 0xbd4
                    0x0bd6                  J__Interrupt99 = 0xbd6
                    0x0bd8                  J__Interrupt100 = 0xbd8
                    0x0bda                  J__Interrupt101 = 0xbda
                    0x0bdc                  J__Interrupt102 = 0xbdc
                    0x0bde                  J__Interrupt103 = 0xbde
                    0x0be0                  J__Interrupt104 = 0xbe0
                    0x0be2                  J__Interrupt105 = 0xbe2
                    0x0be4                  J__Interrupt106 = 0xbe4
                    0x0be6                  J__Interrupt107 = 0xbe6
                    0x0be8                  J__Interrupt108 = 0xbe8
                    0x0bea                  J__Interrupt109 = 0xbea
                    0x0bec                  J__Interrupt110 = 0xbec
                    0x0bee                  J__Interrupt111 = 0xbee
                    0x0bf0                  J__Interrupt112 = 0xbf0
                    0x0bf2                  J__Interrupt113 = 0xbf2
                    0x0bf4                  J__Interrupt114 = 0xbf4
                    0x0bf6                  J__Interrupt115 = 0xbf6
                    0x0bf8                  J__Interrupt116 = 0xbf8
                    0x0bfa                  J__Interrupt117 = 0xbfa
                    0xfffffb92                  B__ReservedTrap0 = (((DEFINED (__ReservedTrap0)?ABSOLUTE (__ReservedTrap0):ABSOLUTE (__DefaultInterrupt) - J__ReservedTrap0) - 0x2) / 0x2)
                    0xfffffb91                  B__OscillatorFail = (((DEFINED (__OscillatorFail)?ABSOLUTE (__OscillatorFail):ABSOLUTE (__DefaultInterrupt) - J__OscillatorFail) - 0x2) / 0x2)
                    0xfffffb90                  B__AddressError = (((DEFINED (__AddressError)?ABSOLUTE (__AddressError):ABSOLUTE (__DefaultInterrupt) - J__AddressError) - 0x2) / 0x2)
                    0xfffffb8f                  B__StackError = (((DEFINED (__StackError)?ABSOLUTE (__StackError):ABSOLUTE (__DefaultInterrupt) - J__StackError) - 0x2) / 0x2)
                    0xfffffb8e                  B__MathError = (((DEFINED (__MathError)?ABSOLUTE (__MathError):ABSOLUTE (__DefaultInterrupt) - J__MathError) - 0x2) / 0x2)
                    0xfffffb8d                  B__ReservedTrap5 = (((DEFINED (__ReservedTrap5)?ABSOLUTE (__ReservedTrap5):ABSOLUTE (__DefaultInterrupt) - J__ReservedTrap5) - 0x2) / 0x2)
                    0xfffffb8c                  B__ReservedTrap6 = (((DEFINED (__ReservedTrap6)?ABSOLUTE (__ReservedTrap6):ABSOLUTE (__DefaultInterrupt) - J__ReservedTrap6) - 0x2) / 0x2)
                    0xfffffb8b                  B__ReservedTrap7 = (((DEFINED (__ReservedTrap7)?ABSOLUTE (__ReservedTrap7):ABSOLUTE (__DefaultInterrupt) - J__ReservedTrap7) - 0x2) / 0x2)
                    0xfffffb8a                  B__INT0Interrupt = (((DEFINED (__INT0Interrupt)?ABSOLUTE (__INT0Interrupt):ABSOLUTE (__DefaultInterrupt) - J__INT0Interrupt) - 0x2) / 0x2)
                    0xfffffb89                  B__IC1Interrupt = (((DEFINED (__IC1Interrupt)?ABSOLUTE (__IC1Interrupt):ABSOLUTE (__DefaultInterrupt) - J__IC1Interrupt) - 0x2) / 0x2)
                    0xfffffb88                  B__OC1Interrupt = (((DEFINED (__OC1Interrupt)?ABSOLUTE (__OC1Interrupt):ABSOLUTE (__DefaultInterrupt) - J__OC1Interrupt) - 0x2) / 0x2)
                    0xfffffb87                  B__T1Interrupt = (((DEFINED (__T1Interrupt)?ABSOLUTE (__T1Interrupt):ABSOLUTE (__DefaultInterrupt) - J__T1Interrupt) - 0x2) / 0x2)
                    0xfffffb86                  B__Interrupt4 = (((DEFINED (__Interrupt4)?ABSOLUTE (__Interrupt4):ABSOLUTE (__DefaultInterrupt) - J__Interrupt4) - 0x2) / 0x2)
                    0xfffffb85                  B__IC2Interrupt = (((DEFINED (__IC2Interrupt)?ABSOLUTE (__IC2Interrupt):ABSOLUTE (__DefaultInterrupt) - J__IC2Interrupt) - 0x2) / 0x2)
                    0xfffffb84                  B__OC2Interrupt = (((DEFINED (__OC2Interrupt)?ABSOLUTE (__OC2Interrupt):ABSOLUTE (__DefaultInterrupt) - J__OC2Interrupt) - 0x2) / 0x2)
                    0xfffffb83                  B__T2Interrupt = (((DEFINED (__T2Interrupt)?ABSOLUTE (__T2Interrupt):ABSOLUTE (__DefaultInterrupt) - J__T2Interrupt) - 0x2) / 0x2)
                    0xfffffb82                  B__T3Interrupt = (((DEFINED (__T3Interrupt)?ABSOLUTE (__T3Interrupt):ABSOLUTE (__DefaultInterrupt) - J__T3Interrupt) - 0x2) / 0x2)
                    0xfffffb81                  B__SPI1ErrInterrupt = (((DEFINED (__SPI1ErrInterrupt)?ABSOLUTE (__SPI1ErrInterrupt):ABSOLUTE (__DefaultInterrupt) - J__SPI1ErrInterrupt) - 0x2) / 0x2)
                    0xfffffb80                  B__SPI1Interrupt = (((DEFINED (__SPI1Interrupt)?ABSOLUTE (__SPI1Interrupt):ABSOLUTE (__DefaultInterrupt) - J__SPI1Interrupt) - 0x2) / 0x2)
                    0xfffffb7f                  B__U1RXInterrupt = (((DEFINED (__U1RXInterrupt)?ABSOLUTE (__U1RXInterrupt):ABSOLUTE (__DefaultInterrupt) - J__U1RXInterrupt) - 0x2) / 0x2)
                    0xfffffb7e                  B__U1TXInterrupt = (((DEFINED (__U1TXInterrupt)?ABSOLUTE (__U1TXInterrupt):ABSOLUTE (__DefaultInterrupt) - J__U1TXInterrupt) - 0x2) / 0x2)
                    0xfffffb7d                  B__ADC1Interrupt = (((DEFINED (__ADC1Interrupt)?ABSOLUTE (__ADC1Interrupt):ABSOLUTE (__DefaultInterrupt) - J__ADC1Interrupt) - 0x2) / 0x2)
                    0xfffffb7c                  B__Interrupt14 = (((DEFINED (__Interrupt14)?ABSOLUTE (__Interrupt14):ABSOLUTE (__DefaultInterrupt) - J__Interrupt14) - 0x2) / 0x2)
                    0xfffffb7b                  B__NVMInterrupt = (((DEFINED (__NVMInterrupt)?ABSOLUTE (__NVMInterrupt):ABSOLUTE (__DefaultInterrupt) - J__NVMInterrupt) - 0x2) / 0x2)
                    0xfffffb7a                  B__SI2C1Interrupt = (((DEFINED (__SI2C1Interrupt)?ABSOLUTE (__SI2C1Interrupt):ABSOLUTE (__DefaultInterrupt) - J__SI2C1Interrupt) - 0x2) / 0x2)
                    0xfffffb79                  B__MI2C1Interrupt = (((DEFINED (__MI2C1Interrupt)?ABSOLUTE (__MI2C1Interrupt):ABSOLUTE (__DefaultInterrupt) - J__MI2C1Interrupt) - 0x2) / 0x2)
                    0xfffffb78                  B__CompInterrupt = (((DEFINED (__CompInterrupt)?ABSOLUTE (__CompInterrupt):ABSOLUTE (__DefaultInterrupt) - J__CompInterrupt) - 0x2) / 0x2)
                    0xfffffb77                  B__CNInterrupt = (((DEFINED (__CNInterrupt)?ABSOLUTE (__CNInterrupt):ABSOLUTE (__DefaultInterrupt) - J__CNInterrupt) - 0x2) / 0x2)
                    0xfffffb76                  B__INT1Interrupt = (((DEFINED (__INT1Interrupt)?ABSOLUTE (__INT1Interrupt):ABSOLUTE (__DefaultInterrupt) - J__INT1Interrupt) - 0x2) / 0x2)
                    0xfffffb75                  B__Interrupt21 = (((DEFINED (__Interrupt21)?ABSOLUTE (__Interrupt21):ABSOLUTE (__DefaultInterrupt) - J__Interrupt21) - 0x2) / 0x2)
                    0xfffffb74                  B__Interrupt22 = (((DEFINED (__Interrupt22)?ABSOLUTE (__Interrupt22):ABSOLUTE (__DefaultInterrupt) - J__Interrupt22) - 0x2) / 0x2)
                    0xfffffb73                  B__Interrupt23 = (((DEFINED (__Interrupt23)?ABSOLUTE (__Interrupt23):ABSOLUTE (__DefaultInterrupt) - J__Interrupt23) - 0x2) / 0x2)
                    0xfffffb72                  B__Interrupt24 = (((DEFINED (__Interrupt24)?ABSOLUTE (__Interrupt24):ABSOLUTE (__DefaultInterrupt) - J__Interrupt24) - 0x2) / 0x2)
                    0xfffffb71                  B__OC3Interrupt = (((DEFINED (__OC3Interrupt)?ABSOLUTE (__OC3Interrupt):ABSOLUTE (__DefaultInterrupt) - J__OC3Interrupt) - 0x2) / 0x2)
                    0xfffffb70                  B__Interrupt26 = (((DEFINED (__Interrupt26)?ABSOLUTE (__Interrupt26):ABSOLUTE (__DefaultInterrupt) - J__Interrupt26) - 0x2) / 0x2)
                    0xfffffb6f                  B__T4Interrupt = (((DEFINED (__T4Interrupt)?ABSOLUTE (__T4Interrupt):ABSOLUTE (__DefaultInterrupt) - J__T4Interrupt) - 0x2) / 0x2)
                    0xfffffb6e                  B__T5Interrupt = (((DEFINED (__T5Interrupt)?ABSOLUTE (__T5Interrupt):ABSOLUTE (__DefaultInterrupt) - J__T5Interrupt) - 0x2) / 0x2)
                    0xfffffb6d                  B__INT2Interrupt = (((DEFINED (__INT2Interrupt)?ABSOLUTE (__INT2Interrupt):ABSOLUTE (__DefaultInterrupt) - J__INT2Interrupt) - 0x2) / 0x2)
                    0xfffffb6c                  B__U2RXInterrupt = (((DEFINED (__U2RXInterrupt)?ABSOLUTE (__U2RXInterrupt):ABSOLUTE (__DefaultInterrupt) - J__U2RXInterrupt) - 0x2) / 0x2)
                    0xfffffb6b                  B__U2TXInterrupt = (((DEFINED (__U2TXInterrupt)?ABSOLUTE (__U2TXInterrupt):ABSOLUTE (__DefaultInterrupt) - J__U2TXInterrupt) - 0x2) / 0x2)
                    0xfffffb6a                  B__SPI2ErrInterrupt = (((DEFINED (__SPI2ErrInterrupt)?ABSOLUTE (__SPI2ErrInterrupt):ABSOLUTE (__DefaultInterrupt) - J__SPI2ErrInterrupt) - 0x2) / 0x2)
                    0xfffffb69                  B__SPI2Interrupt = (((DEFINED (__SPI2Interrupt)?ABSOLUTE (__SPI2Interrupt):ABSOLUTE (__DefaultInterrupt) - J__SPI2Interrupt) - 0x2) / 0x2)
                    0xfffffb68                  B__Interrupt34 = (((DEFINED (__Interrupt34)?ABSOLUTE (__Interrupt34):ABSOLUTE (__DefaultInterrupt) - J__Interrupt34) - 0x2) / 0x2)
                    0xfffffb67                  B__Interrupt35 = (((DEFINED (__Interrupt35)?ABSOLUTE (__Interrupt35):ABSOLUTE (__DefaultInterrupt) - J__Interrupt35) - 0x2) / 0x2)
                    0xfffffb66                  B__Interrupt36 = (((DEFINED (__Interrupt36)?ABSOLUTE (__Interrupt36):ABSOLUTE (__DefaultInterrupt) - J__Interrupt36) - 0x2) / 0x2)
                    0xfffffb65                  B__IC3Interrupt = (((DEFINED (__IC3Interrupt)?ABSOLUTE (__IC3Interrupt):ABSOLUTE (__DefaultInterrupt) - J__IC3Interrupt) - 0x2) / 0x2)
                    0xfffffb64                  B__Interrupt38 = (((DEFINED (__Interrupt38)?ABSOLUTE (__Interrupt38):ABSOLUTE (__DefaultInterrupt) - J__Interrupt38) - 0x2) / 0x2)
                    0xfffffb63                  B__Interrupt39 = (((DEFINED (__Interrupt39)?ABSOLUTE (__Interrupt39):ABSOLUTE (__DefaultInterrupt) - J__Interrupt39) - 0x2) / 0x2)
                    0xfffffb62                  B__Interrupt40 = (((DEFINED (__Interrupt40)?ABSOLUTE (__Interrupt40):ABSOLUTE (__DefaultInterrupt) - J__Interrupt40) - 0x2) / 0x2)
                    0xfffffb61                  B__Interrupt41 = (((DEFINED (__Interrupt41)?ABSOLUTE (__Interrupt41):ABSOLUTE (__DefaultInterrupt) - J__Interrupt41) - 0x2) / 0x2)
                    0xfffffb60                  B__Interrupt42 = (((DEFINED (__Interrupt42)?ABSOLUTE (__Interrupt42):ABSOLUTE (__DefaultInterrupt) - J__Interrupt42) - 0x2) / 0x2)
                    0xfffffb5f                  B__Interrupt43 = (((DEFINED (__Interrupt43)?ABSOLUTE (__Interrupt43):ABSOLUTE (__DefaultInterrupt) - J__Interrupt43) - 0x2) / 0x2)
                    0xfffffb5e                  B__Interrupt44 = (((DEFINED (__Interrupt44)?ABSOLUTE (__Interrupt44):ABSOLUTE (__DefaultInterrupt) - J__Interrupt44) - 0x2) / 0x2)
                    0xfffffb5d                  B__Interrupt45 = (((DEFINED (__Interrupt45)?ABSOLUTE (__Interrupt45):ABSOLUTE (__DefaultInterrupt) - J__Interrupt45) - 0x2) / 0x2)
                    0xfffffb5c                  B__Interrupt46 = (((DEFINED (__Interrupt46)?ABSOLUTE (__Interrupt46):ABSOLUTE (__DefaultInterrupt) - J__Interrupt46) - 0x2) / 0x2)
                    0xfffffb5b                  B__Interrupt47 = (((DEFINED (__Interrupt47)?ABSOLUTE (__Interrupt47):ABSOLUTE (__DefaultInterrupt) - J__Interrupt47) - 0x2) / 0x2)
                    0xfffffb5a                  B__Interrupt48 = (((DEFINED (__Interrupt48)?ABSOLUTE (__Interrupt48):ABSOLUTE (__DefaultInterrupt) - J__Interrupt48) - 0x2) / 0x2)
                    0xfffffb59                  B__SI2C2Interrupt = (((DEFINED (__SI2C2Interrupt)?ABSOLUTE (__SI2C2Interrupt):ABSOLUTE (__DefaultInterrupt) - J__SI2C2Interrupt) - 0x2) / 0x2)
                    0xfffffb58                  B__MI2C2Interrupt = (((DEFINED (__MI2C2Interrupt)?ABSOLUTE (__MI2C2Interrupt):ABSOLUTE (__DefaultInterrupt) - J__MI2C2Interrupt) - 0x2) / 0x2)
                    0xfffffb57                  B__Interrupt51 = (((DEFINED (__Interrupt51)?ABSOLUTE (__Interrupt51):ABSOLUTE (__DefaultInterrupt) - J__Interrupt51) - 0x2) / 0x2)
                    0xfffffb56                  B__Interrupt52 = (((DEFINED (__Interrupt52)?ABSOLUTE (__Interrupt52):ABSOLUTE (__DefaultInterrupt) - J__Interrupt52) - 0x2) / 0x2)
                    0xfffffb55                  B__Interrupt53 = (((DEFINED (__Interrupt53)?ABSOLUTE (__Interrupt53):ABSOLUTE (__DefaultInterrupt) - J__Interrupt53) - 0x2) / 0x2)
                    0xfffffb54                  B__Interrupt54 = (((DEFINED (__Interrupt54)?ABSOLUTE (__Interrupt54):ABSOLUTE (__DefaultInterrupt) - J__Interrupt54) - 0x2) / 0x2)
                    0xfffffb53                  B__Interrupt55 = (((DEFINED (__Interrupt55)?ABSOLUTE (__Interrupt55):ABSOLUTE (__DefaultInterrupt) - J__Interrupt55) - 0x2) / 0x2)
                    0xfffffb52                  B__Interrupt56 = (((DEFINED (__Interrupt56)?ABSOLUTE (__Interrupt56):ABSOLUTE (__DefaultInterrupt) - J__Interrupt56) - 0x2) / 0x2)
                    0xfffffb51                  B__Interrupt57 = (((DEFINED (__Interrupt57)?ABSOLUTE (__Interrupt57):ABSOLUTE (__DefaultInterrupt) - J__Interrupt57) - 0x2) / 0x2)
                    0xfffffb50                  B__Interrupt58 = (((DEFINED (__Interrupt58)?ABSOLUTE (__Interrupt58):ABSOLUTE (__DefaultInterrupt) - J__Interrupt58) - 0x2) / 0x2)
                    0xfffffb4f                  B__Interrupt59 = (((DEFINED (__Interrupt59)?ABSOLUTE (__Interrupt59):ABSOLUTE (__DefaultInterrupt) - J__Interrupt59) - 0x2) / 0x2)
                    0xfffffb4e                  B__Interrupt60 = (((DEFINED (__Interrupt60)?ABSOLUTE (__Interrupt60):ABSOLUTE (__DefaultInterrupt) - J__Interrupt60) - 0x2) / 0x2)
                    0xfffffb4d                  B__Interrupt61 = (((DEFINED (__Interrupt61)?ABSOLUTE (__Interrupt61):ABSOLUTE (__DefaultInterrupt) - J__Interrupt61) - 0x2) / 0x2)
                    0xfffffb4c                  B__RTCCInterrupt = (((DEFINED (__RTCCInterrupt)?ABSOLUTE (__RTCCInterrupt):ABSOLUTE (__DefaultInterrupt) - J__RTCCInterrupt) - 0x2) / 0x2)
                    0xfffffb4b                  B__Interrupt63 = (((DEFINED (__Interrupt63)?ABSOLUTE (__Interrupt63):ABSOLUTE (__DefaultInterrupt) - J__Interrupt63) - 0x2) / 0x2)
                    0xfffffb4a                  B__Interrupt64 = (((DEFINED (__Interrupt64)?ABSOLUTE (__Interrupt64):ABSOLUTE (__DefaultInterrupt) - J__Interrupt64) - 0x2) / 0x2)
                    0xfffffb49                  B__U1ErrInterrupt = (((DEFINED (__U1ErrInterrupt)?ABSOLUTE (__U1ErrInterrupt):ABSOLUTE (__DefaultInterrupt) - J__U1ErrInterrupt) - 0x2) / 0x2)
                    0xfffffb48                  B__U2ErrInterrupt = (((DEFINED (__U2ErrInterrupt)?ABSOLUTE (__U2ErrInterrupt):ABSOLUTE (__DefaultInterrupt) - J__U2ErrInterrupt) - 0x2) / 0x2)
                    0xfffffb47                  B__CRCInterrupt = (((DEFINED (__CRCInterrupt)?ABSOLUTE (__CRCInterrupt):ABSOLUTE (__DefaultInterrupt) - J__CRCInterrupt) - 0x2) / 0x2)
                    0xfffffb46                  B__Interrupt68 = (((DEFINED (__Interrupt68)?ABSOLUTE (__Interrupt68):ABSOLUTE (__DefaultInterrupt) - J__Interrupt68) - 0x2) / 0x2)
                    0xfffffb45                  B__Interrupt69 = (((DEFINED (__Interrupt69)?ABSOLUTE (__Interrupt69):ABSOLUTE (__DefaultInterrupt) - J__Interrupt69) - 0x2) / 0x2)
                    0xfffffb44                  B__Interrupt70 = (((DEFINED (__Interrupt70)?ABSOLUTE (__Interrupt70):ABSOLUTE (__DefaultInterrupt) - J__Interrupt70) - 0x2) / 0x2)
                    0xfffffb43                  B__Interrupt71 = (((DEFINED (__Interrupt71)?ABSOLUTE (__Interrupt71):ABSOLUTE (__DefaultInterrupt) - J__Interrupt71) - 0x2) / 0x2)
                    0xfffffb42                  B__LVDInterrupt = (((DEFINED (__LVDInterrupt)?ABSOLUTE (__LVDInterrupt):ABSOLUTE (__DefaultInterrupt) - J__LVDInterrupt) - 0x2) / 0x2)
                    0xfffffb41                  B__Interrupt73 = (((DEFINED (__Interrupt73)?ABSOLUTE (__Interrupt73):ABSOLUTE (__DefaultInterrupt) - J__Interrupt73) - 0x2) / 0x2)
                    0xfffffb40                  B__Interrupt74 = (((DEFINED (__Interrupt74)?ABSOLUTE (__Interrupt74):ABSOLUTE (__DefaultInterrupt) - J__Interrupt74) - 0x2) / 0x2)
                    0xfffffb3f                  B__Interrupt75 = (((DEFINED (__Interrupt75)?ABSOLUTE (__Interrupt75):ABSOLUTE (__DefaultInterrupt) - J__Interrupt75) - 0x2) / 0x2)
                    0xfffffb3e                  B__Interrupt76 = (((DEFINED (__Interrupt76)?ABSOLUTE (__Interrupt76):ABSOLUTE (__DefaultInterrupt) - J__Interrupt76) - 0x2) / 0x2)
                    0xfffffb3d                  B__CTMUInterrupt = (((DEFINED (__CTMUInterrupt)?ABSOLUTE (__CTMUInterrupt):ABSOLUTE (__DefaultInterrupt) - J__CTMUInterrupt) - 0x2) / 0x2)
                    0xfffffb3c                  B__Interrupt78 = (((DEFINED (__Interrupt78)?ABSOLUTE (__Interrupt78):ABSOLUTE (__DefaultInterrupt) - J__Interrupt78) - 0x2) / 0x2)
                    0xfffffb3b                  B__Interrupt79 = (((DEFINED (__Interrupt79)?ABSOLUTE (__Interrupt79):ABSOLUTE (__DefaultInterrupt) - J__Interrupt79) - 0x2) / 0x2)
                    0xfffffb3a                  B__ULPWUInterrupt = (((DEFINED (__ULPWUInterrupt)?ABSOLUTE (__ULPWUInterrupt):ABSOLUTE (__DefaultInterrupt) - J__ULPWUInterrupt) - 0x2) / 0x2)
                    0xfffffb39                  B__Interrupt81 = (((DEFINED (__Interrupt81)?ABSOLUTE (__Interrupt81):ABSOLUTE (__DefaultInterrupt) - J__Interrupt81) - 0x2) / 0x2)
                    0xfffffb38                  B__Interrupt82 = (((DEFINED (__Interrupt82)?ABSOLUTE (__Interrupt82):ABSOLUTE (__DefaultInterrupt) - J__Interrupt82) - 0x2) / 0x2)
                    0xfffffb37                  B__Interrupt83 = (((DEFINED (__Interrupt83)?ABSOLUTE (__Interrupt83):ABSOLUTE (__DefaultInterrupt) - J__Interrupt83) - 0x2) / 0x2)
                    0xfffffb36                  B__Interrupt84 = (((DEFINED (__Interrupt84)?ABSOLUTE (__Interrupt84):ABSOLUTE (__DefaultInterrupt) - J__Interrupt84) - 0x2) / 0x2)
                    0xfffffb35                  B__Interrupt85 = (((DEFINED (__Interrupt85)?ABSOLUTE (__Interrupt85):ABSOLUTE (__DefaultInterrupt) - J__Interrupt85) - 0x2) / 0x2)
                    0xfffffb34                  B__Interrupt86 = (((DEFINED (__Interrupt86)?ABSOLUTE (__Interrupt86):ABSOLUTE (__DefaultInterrupt) - J__Interrupt86) - 0x2) / 0x2)
                    0xfffffb33                  B__Interrupt87 = (((DEFINED (__Interrupt87)?ABSOLUTE (__Interrupt87):ABSOLUTE (__DefaultInterrupt) - J__Interrupt87) - 0x2) / 0x2)
                    0xfffffb32                  B__Interrupt88 = (((DEFINED (__Interrupt88)?ABSOLUTE (__Interrupt88):ABSOLUTE (__DefaultInterrupt) - J__Interrupt88) - 0x2) / 0x2)
                    0xfffffb31                  B__Interrupt89 = (((DEFINED (__Interrupt89)?ABSOLUTE (__Interrupt89):ABSOLUTE (__DefaultInterrupt) - J__Interrupt89) - 0x2) / 0x2)
                    0xfffffb30                  B__Interrupt90 = (((DEFINED (__Interrupt90)?ABSOLUTE (__Interrupt90):ABSOLUTE (__DefaultInterrupt) - J__Interrupt90) - 0x2) / 0x2)
                    0xfffffb2f                  B__Interrupt91 = (((DEFINED (__Interrupt91)?ABSOLUTE (__Interrupt91):ABSOLUTE (__DefaultInterrupt) - J__Interrupt91) - 0x2) / 0x2)
                    0xfffffb2e                  B__Interrupt92 = (((DEFINED (__Interrupt92)?ABSOLUTE (__Interrupt92):ABSOLUTE (__DefaultInterrupt) - J__Interrupt92) - 0x2) / 0x2)
                    0xfffffb2d                  B__Interrupt93 = (((DEFINED (__Interrupt93)?ABSOLUTE (__Interrupt93):ABSOLUTE (__DefaultInterrupt) - J__Interrupt93) - 0x2) / 0x2)
                    0xfffffb2c                  B__Interrupt94 = (((DEFINED (__Interrupt94)?ABSOLUTE (__Interrupt94):ABSOLUTE (__DefaultInterrupt) - J__Interrupt94) - 0x2) / 0x2)
                    0xfffffb2b                  B__Interrupt95 = (((DEFINED (__Interrupt95)?ABSOLUTE (__Interrupt95):ABSOLUTE (__DefaultInterrupt) - J__Interrupt95) - 0x2) / 0x2)
                    0xfffffb2a                  B__Interrupt96 = (((DEFINED (__Interrupt96)?ABSOLUTE (__Interrupt96):ABSOLUTE (__DefaultInterrupt) - J__Interrupt96) - 0x2) / 0x2)
                    0xfffffb29                  B__Interrupt97 = (((DEFINED (__Interrupt97)?ABSOLUTE (__Interrupt97):ABSOLUTE (__DefaultInterrupt) - J__Interrupt97) - 0x2) / 0x2)
                    0xfffffb28                  B__Interrupt98 = (((DEFINED (__Interrupt98)?ABSOLUTE (__Interrupt98):ABSOLUTE (__DefaultInterrupt) - J__Interrupt98) - 0x2) / 0x2)
                    0xfffffb27                  B__Interrupt99 = (((DEFINED (__Interrupt99)?ABSOLUTE (__Interrupt99):ABSOLUTE (__DefaultInterrupt) - J__Interrupt99) - 0x2) / 0x2)
                    0xfffffb26                  B__Interrupt100 = (((DEFINED (__Interrupt100)?ABSOLUTE (__Interrupt100):ABSOLUTE (__DefaultInterrupt) - J__Interrupt100) - 0x2) / 0x2)
                    0xfffffb25                  B__Interrupt101 = (((DEFINED (__Interrupt101)?ABSOLUTE (__Interrupt101):ABSOLUTE (__DefaultInterrupt) - J__Interrupt101) - 0x2) / 0x2)
                    0xfffffb24                  B__Interrupt102 = (((DEFINED (__Interrupt102)?ABSOLUTE (__Interrupt102):ABSOLUTE (__DefaultInterrupt) - J__Interrupt102) - 0x2) / 0x2)
                    0xfffffb23                  B__Interrupt103 = (((DEFINED (__Interrupt103)?ABSOLUTE (__Interrupt103):ABSOLUTE (__DefaultInterrupt) - J__Interrupt103) - 0x2) / 0x2)
                    0xfffffb22                  B__Interrupt104 = (((DEFINED (__Interrupt104)?ABSOLUTE (__Interrupt104):ABSOLUTE (__DefaultInterrupt) - J__Interrupt104) - 0x2) / 0x2)
                    0xfffffb21                  B__Interrupt105 = (((DEFINED (__Interrupt105)?ABSOLUTE (__Interrupt105):ABSOLUTE (__DefaultInterrupt) - J__Interrupt105) - 0x2) / 0x2)
                    0xfffffb20                  B__Interrupt106 = (((DEFINED (__Interrupt106)?ABSOLUTE (__Interrupt106):ABSOLUTE (__DefaultInterrupt) - J__Interrupt106) - 0x2) / 0x2)
                    0xfffffb1f                  B__Interrupt107 = (((DEFINED (__Interrupt107)?ABSOLUTE (__Interrupt107):ABSOLUTE (__DefaultInterrupt) - J__Interrupt107) - 0x2) / 0x2)
                    0xfffffb1e                  B__Interrupt108 = (((DEFINED (__Interrupt108)?ABSOLUTE (__Interrupt108):ABSOLUTE (__DefaultInterrupt) - J__Interrupt108) - 0x2) / 0x2)
                    0xfffffb1d                  B__Interrupt109 = (((DEFINED (__Interrupt109)?ABSOLUTE (__Interrupt109):ABSOLUTE (__DefaultInterrupt) - J__Interrupt109) - 0x2) / 0x2)
                    0xfffffb1c                  B__Interrupt110 = (((DEFINED (__Interrupt110)?ABSOLUTE (__Interrupt110):ABSOLUTE (__DefaultInterrupt) - J__Interrupt110) - 0x2) / 0x2)
                    0xfffffb1b                  B__Interrupt111 = (((DEFINED (__Interrupt111)?ABSOLUTE (__Interrupt111):ABSOLUTE (__DefaultInterrupt) - J__Interrupt111) - 0x2) / 0x2)
                    0xfffffb1a                  B__Interrupt112 = (((DEFINED (__Interrupt112)?ABSOLUTE (__Interrupt112):ABSOLUTE (__DefaultInterrupt) - J__Interrupt112) - 0x2) / 0x2)
                    0xfffffb19                  B__Interrupt113 = (((DEFINED (__Interrupt113)?ABSOLUTE (__Interrupt113):ABSOLUTE (__DefaultInterrupt) - J__Interrupt113) - 0x2) / 0x2)
                    0xfffffb18                  B__Interrupt114 = (((DEFINED (__Interrupt114)?ABSOLUTE (__Interrupt114):ABSOLUTE (__DefaultInterrupt) - J__Interrupt114) - 0x2) / 0x2)
                    0xfffffb17                  B__Interrupt115 = (((DEFINED (__Interrupt115)?ABSOLUTE (__Interrupt115):ABSOLUTE (__DefaultInterrupt) - J__Interrupt115) - 0x2) / 0x2)
                    0xfffffb16                  B__Interrupt116 = (((DEFINED (__Interrupt116)?ABSOLUTE (__Interrupt116):ABSOLUTE (__DefaultInterrupt) - J__Interrupt116) - 0x2) / 0x2)
                    0xfffffb15                  B__Interrupt117 = (((DEFINED (__Interrupt117)?ABSOLUTE (__Interrupt117):ABSOLUTE (__DefaultInterrupt) - J__Interrupt117) - 0x2) / 0x2)

.ivt              0x000004         0xfc
                  0x000004          0x4 LONG 0xb00 J__ReservedTrap0
                  0x000006          0x4 LONG 0xb02 J__OscillatorFail
                  0x000008          0x4 LONG 0xb04 J__AddressError
                  0x00000a          0x4 LONG 0xb06 J__StackError
                  0x00000c          0x4 LONG 0xb08 J__MathError
                  0x00000e          0x4 LONG 0xb0a J__ReservedTrap5
                  0x000010          0x4 LONG 0xb0c J__ReservedTrap6
                  0x000012          0x4 LONG 0xb0e J__ReservedTrap7
                  0x000014          0x4 LONG 0xb10 J__INT0Interrupt
                  0x000016          0x4 LONG 0xb12 J__IC1Interrupt
                  0x000018          0x4 LONG 0xb14 J__OC1Interrupt
                  0x00001a          0x4 LONG 0xb16 J__T1Interrupt
                  0x00001c          0x4 LONG 0xb18 J__Interrupt4
                  0x00001e          0x4 LONG 0xb1a J__IC2Interrupt
                  0x000020          0x4 LONG 0xb1c J__OC2Interrupt
                  0x000022          0x4 LONG 0xb1e J__T2Interrupt
                  0x000024          0x4 LONG 0xb20 J__T3Interrupt
                  0x000026          0x4 LONG 0xb22 J__SPI1ErrInterrupt
                  0x000028          0x4 LONG 0xb24 J__SPI1Interrupt
                  0x00002a          0x4 LONG 0xb26 J__U1RXInterrupt
                  0x00002c          0x4 LONG 0xb28 J__U1TXInterrupt
                  0x00002e          0x4 LONG 0xb2a J__ADC1Interrupt
                  0x000030          0x4 LONG 0xb2c J__Interrupt14
                  0x000032          0x4 LONG 0xb2e J__NVMInterrupt
                  0x000034          0x4 LONG 0xb30 J__SI2C1Interrupt
                  0x000036          0x4 LONG 0xb32 J__MI2C1Interrupt
                  0x000038          0x4 LONG 0xb34 J__CompInterrupt
                  0x00003a          0x4 LONG 0xb36 J__CNInterrupt
                  0x00003c          0x4 LONG 0xb38 J__INT1Interrupt
                  0x00003e          0x4 LONG 0xb3a J__Interrupt21
                  0x000040          0x4 LONG 0xb3c J__Interrupt22
                  0x000042          0x4 LONG 0xb3e J__Interrupt23
                  0x000044          0x4 LONG 0xb40 J__Interrupt24
                  0x000046          0x4 LONG 0xb42 J__OC3Interrupt
                  0x000048          0x4 LONG 0xb44 J__Interrupt26
                  0x00004a          0x4 LONG 0xb46 J__T4Interrupt
                  0x00004c          0x4 LONG 0xb48 J__T5Interrupt
                  0x00004e          0x4 LONG 0xb4a J__INT2Interrupt
                  0x000050          0x4 LONG 0xb4c J__U2RXInterrupt
                  0x000052          0x4 LONG 0xb4e J__U2TXInterrupt
                  0x000054          0x4 LONG 0xb50 J__SPI2ErrInterrupt
                  0x000056          0x4 LONG 0xb52 J__SPI2Interrupt
                  0x000058          0x4 LONG 0xb54 J__Interrupt34
                  0x00005a          0x4 LONG 0xb56 J__Interrupt35
                  0x00005c          0x4 LONG 0xb58 J__Interrupt36
                  0x00005e          0x4 LONG 0xb5a J__IC3Interrupt
                  0x000060          0x4 LONG 0xb5c J__Interrupt38
                  0x000062          0x4 LONG 0xb5e J__Interrupt39
                  0x000064          0x4 LONG 0xb60 J__Interrupt40
                  0x000066          0x4 LONG 0xb62 J__Interrupt41
                  0x000068          0x4 LONG 0xb64 J__Interrupt42
                  0x00006a          0x4 LONG 0xb66 J__Interrupt43
                  0x00006c          0x4 LONG 0xb68 J__Interrupt44
                  0x00006e          0x4 LONG 0xb6a J__Interrupt45
                  0x000070          0x4 LONG 0xb6c J__Interrupt46
                  0x000072          0x4 LONG 0xb6e J__Interrupt47
                  0x000074          0x4 LONG 0xb70 J__Interrupt48
                  0x000076          0x4 LONG 0xb72 J__SI2C2Interrupt
                  0x000078          0x4 LONG 0xb74 J__MI2C2Interrupt
                  0x00007a          0x4 LONG 0xb76 J__Interrupt51
                  0x00007c          0x4 LONG 0xb78 J__Interrupt52
                  0x00007e          0x4 LONG 0xb7a J__Interrupt53
                  0x000080          0x4 LONG 0xb7c J__Interrupt54
                  0x000082          0x4 LONG 0xb7e J__Interrupt55
                  0x000084          0x4 LONG 0xb80 J__Interrupt56
                  0x000086          0x4 LONG 0xb82 J__Interrupt57
                  0x000088          0x4 LONG 0xb84 J__Interrupt58
                  0x00008a          0x4 LONG 0xb86 J__Interrupt59
                  0x00008c          0x4 LONG 0xb88 J__Interrupt60
                  0x00008e          0x4 LONG 0xb8a J__Interrupt61
                  0x000090          0x4 LONG 0xb8c J__RTCCInterrupt
                  0x000092          0x4 LONG 0xb8e J__Interrupt63
                  0x000094          0x4 LONG 0xb90 J__Interrupt64
                  0x000096          0x4 LONG 0xb92 J__U1ErrInterrupt
                  0x000098          0x4 LONG 0xb94 J__U2ErrInterrupt
                  0x00009a          0x4 LONG 0xb96 J__CRCInterrupt
                  0x00009c          0x4 LONG 0xb98 J__Interrupt68
                  0x00009e          0x4 LONG 0xb9a J__Interrupt69
                  0x0000a0          0x4 LONG 0xb9c J__Interrupt70
                  0x0000a2          0x4 LONG 0xb9e J__Interrupt71
                  0x0000a4          0x4 LONG 0xba0 J__LVDInterrupt
                  0x0000a6          0x4 LONG 0xba2 J__Interrupt73
                  0x0000a8          0x4 LONG 0xba4 J__Interrupt74
                  0x0000aa          0x4 LONG 0xba6 J__Interrupt75
                  0x0000ac          0x4 LONG 0xba8 J__Interrupt76
                  0x0000ae          0x4 LONG 0xbaa J__CTMUInterrupt
                  0x0000b0          0x4 LONG 0xbac J__Interrupt78
                  0x0000b2          0x4 LONG 0xbae J__Interrupt79
                  0x0000b4          0x4 LONG 0xbb0 J__ULPWUInterrupt
                  0x0000b6          0x4 LONG 0xbb2 J__Interrupt81
                  0x0000b8          0x4 LONG 0xbb4 J__Interrupt82
                  0x0000ba          0x4 LONG 0xbb6 J__Interrupt83
                  0x0000bc          0x4 LONG 0xbb8 J__Interrupt84
                  0x0000be          0x4 LONG 0xbba J__Interrupt85
                  0x0000c0          0x4 LONG 0xbbc J__Interrupt86
                  0x0000c2          0x4 LONG 0xbbe J__Interrupt87
                  0x0000c4          0x4 LONG 0xbc0 J__Interrupt88
                  0x0000c6          0x4 LONG 0xbc2 J__Interrupt89
                  0x0000c8          0x4 LONG 0xbc4 J__Interrupt90
                  0x0000ca          0x4 LONG 0xbc6 J__Interrupt91
                  0x0000cc          0x4 LONG 0xbc8 J__Interrupt92
                  0x0000ce          0x4 LONG 0xbca J__Interrupt93
                  0x0000d0          0x4 LONG 0xbcc J__Interrupt94
                  0x0000d2          0x4 LONG 0xbce J__Interrupt95
                  0x0000d4          0x4 LONG 0xbd0 J__Interrupt96
                  0x0000d6          0x4 LONG 0xbd2 J__Interrupt97
                  0x0000d8          0x4 LONG 0xbd4 J__Interrupt98
                  0x0000da          0x4 LONG 0xbd6 J__Interrupt99
                  0x0000dc          0x4 LONG 0xbd8 J__Interrupt100
                  0x0000de          0x4 LONG 0xbda J__Interrupt101
                  0x0000e0          0x4 LONG 0xbdc J__Interrupt102
                  0x0000e2          0x4 LONG 0xbde J__Interrupt103
                  0x0000e4          0x4 LONG 0xbe0 J__Interrupt104
                  0x0000e6          0x4 LONG 0xbe2 J__Interrupt105
                  0x0000e8          0x4 LONG 0xbe4 J__Interrupt106
                  0x0000ea          0x4 LONG 0xbe6 J__Interrupt107
                  0x0000ec          0x4 LONG 0xbe8 J__Interrupt108
                  0x0000ee          0x4 LONG 0xbea J__Interrupt109
                  0x0000f0          0x4 LONG 0xbec J__Interrupt110
                  0x0000f2          0x4 LONG 0xbee J__Interrupt111
                  0x0000f4          0x4 LONG 0xbf0 J__Interrupt112
                  0x0000f6          0x4 LONG 0xbf2 J__Interrupt113
                  0x0000f8          0x4 LONG 0xbf4 J__Interrupt114
                  0x0000fa          0x4 LONG 0xbf6 J__Interrupt115
                  0x0000fc          0x4 LONG 0xbf8 J__Interrupt116
                  0x0000fe          0x4 LONG 0xbfa J__Interrupt117

.aivt             0x000104         0xfc
                  0x000104          0x4 LONG 0xb00 J__ReservedTrap0
                  0x000106          0x4 LONG 0xb02 J__OscillatorFail
                  0x000108          0x4 LONG 0xb04 J__AddressError
                  0x00010a          0x4 LONG 0xb06 J__StackError
                  0x00010c          0x4 LONG 0xb08 J__MathError
                  0x00010e          0x4 LONG 0xb0a J__ReservedTrap5
                  0x000110          0x4 LONG 0xb0c J__ReservedTrap6
                  0x000112          0x4 LONG 0xb0e J__ReservedTrap7
                  0x000114          0x4 LONG 0xb10 J__INT0Interrupt
                  0x000116          0x4 LONG 0xb12 J__IC1Interrupt
                  0x000118          0x4 LONG 0xb14 J__OC1Interrupt
                  0x00011a          0x4 LONG 0xb16 J__T1Interrupt
                  0x00011c          0x4 LONG 0xb18 J__Interrupt4
                  0x00011e          0x4 LONG 0xb1a J__IC2Interrupt
                  0x000120          0x4 LONG 0xb1c J__OC2Interrupt
                  0x000122          0x4 LONG 0xb1e J__T2Interrupt
                  0x000124          0x4 LONG 0xb20 J__T3Interrupt
                  0x000126          0x4 LONG 0xb22 J__SPI1ErrInterrupt
                  0x000128          0x4 LONG 0xb24 J__SPI1Interrupt
                  0x00012a          0x4 LONG 0xb26 J__U1RXInterrupt
                  0x00012c          0x4 LONG 0xb28 J__U1TXInterrupt
                  0x00012e          0x4 LONG 0xb2a J__ADC1Interrupt
                  0x000130          0x4 LONG 0xb2c J__Interrupt14
                  0x000132          0x4 LONG 0xb2e J__NVMInterrupt
                  0x000134          0x4 LONG 0xb30 J__SI2C1Interrupt
                  0x000136          0x4 LONG 0xb32 J__MI2C1Interrupt
                  0x000138          0x4 LONG 0xb34 J__CompInterrupt
                  0x00013a          0x4 LONG 0xb36 J__CNInterrupt
                  0x00013c          0x4 LONG 0xb38 J__INT1Interrupt
                  0x00013e          0x4 LONG 0xb3a J__Interrupt21
                  0x000140          0x4 LONG 0xb3c J__Interrupt22
                  0x000142          0x4 LONG 0xb3e J__Interrupt23
                  0x000144          0x4 LONG 0xb40 J__Interrupt24
                  0x000146          0x4 LONG 0xb42 J__OC3Interrupt
                  0x000148          0x4 LONG 0xb44 J__Interrupt26
                  0x00014a          0x4 LONG 0xb46 J__T4Interrupt
                  0x00014c          0x4 LONG 0xb48 J__T5Interrupt
                  0x00014e          0x4 LONG 0xb4a J__INT2Interrupt
                  0x000150          0x4 LONG 0xb4c J__U2RXInterrupt
                  0x000152          0x4 LONG 0xb4e J__U2TXInterrupt
                  0x000154          0x4 LONG 0xb50 J__SPI2ErrInterrupt
                  0x000156          0x4 LONG 0xb52 J__SPI2Interrupt
                  0x000158          0x4 LONG 0xb54 J__Interrupt34
                  0x00015a          0x4 LONG 0xb56 J__Interrupt35
                  0x00015c          0x4 LONG 0xb58 J__Interrupt36
                  0x00015e          0x4 LONG 0xb5a J__IC3Interrupt
                  0x000160          0x4 LONG 0xb5c J__Interrupt38
                  0x000162          0x4 LONG 0xb5e J__Interrupt39
                  0x000164          0x4 LONG 0xb60 J__Interrupt40
                  0x000166          0x4 LONG 0xb62 J__Interrupt41
                  0x000168          0x4 LONG 0xb64 J__Interrupt42
                  0x00016a          0x4 LONG 0xb66 J__Interrupt43
                  0x00016c          0x4 LONG 0xb68 J__Interrupt44
                  0x00016e          0x4 LONG 0xb6a J__Interrupt45
                  0x000170          0x4 LONG 0xb6c J__Interrupt46
                  0x000172          0x4 LONG 0xb6e J__Interrupt47
                  0x000174          0x4 LONG 0xb70 J__Interrupt48
                  0x000176          0x4 LONG 0xb72 J__SI2C2Interrupt
                  0x000178          0x4 LONG 0xb74 J__MI2C2Interrupt
                  0x00017a          0x4 LONG 0xb76 J__Interrupt51
                  0x00017c          0x4 LONG 0xb78 J__Interrupt52
                  0x00017e          0x4 LONG 0xb7a J__Interrupt53
                  0x000180          0x4 LONG 0xb7c J__Interrupt54
                  0x000182          0x4 LONG 0xb7e J__Interrupt55
                  0x000184          0x4 LONG 0xb80 J__Interrupt56
                  0x000186          0x4 LONG 0xb82 J__Interrupt57
                  0x000188          0x4 LONG 0xb84 J__Interrupt58
                  0x00018a          0x4 LONG 0xb86 J__Interrupt59
                  0x00018c          0x4 LONG 0xb88 J__Interrupt60
                  0x00018e          0x4 LONG 0xb8a J__Interrupt61
                  0x000190          0x4 LONG 0xb8c J__RTCCInterrupt
                  0x000192          0x4 LONG 0xb8e J__Interrupt63
                  0x000194          0x4 LONG 0xb90 J__Interrupt64
                  0x000196          0x4 LONG 0xb92 J__U1ErrInterrupt
                  0x000198          0x4 LONG 0xb94 J__U2ErrInterrupt
                  0x00019a          0x4 LONG 0xb96 J__CRCInterrupt
                  0x00019c          0x4 LONG 0xb98 J__Interrupt68
                  0x00019e          0x4 LONG 0xb9a J__Interrupt69
                  0x0001a0          0x4 LONG 0xb9c J__Interrupt70
                  0x0001a2          0x4 LONG 0xb9e J__Interrupt71
                  0x0001a4          0x4 LONG 0xba0 J__LVDInterrupt
                  0x0001a6          0x4 LONG 0xba2 J__Interrupt73
                  0x0001a8          0x4 LONG 0xba4 J__Interrupt74
                  0x0001aa          0x4 LONG 0xba6 J__Interrupt75
                  0x0001ac          0x4 LONG 0xba8 J__Interrupt76
                  0x0001ae          0x4 LONG 0xbaa J__CTMUInterrupt
                  0x0001b0          0x4 LONG 0xbac J__Interrupt78
                  0x0001b2          0x4 LONG 0xbae J__Interrupt79
                  0x0001b4          0x4 LONG 0xbb0 J__ULPWUInterrupt
                  0x0001b6          0x4 LONG 0xbb2 J__Interrupt81
                  0x0001b8          0x4 LONG 0xbb4 J__Interrupt82
                  0x0001ba          0x4 LONG 0xbb6 J__Interrupt83
                  0x0001bc          0x4 LONG 0xbb8 J__Interrupt84
                  0x0001be          0x4 LONG 0xbba J__Interrupt85
                  0x0001c0          0x4 LONG 0xbbc J__Interrupt86
                  0x0001c2          0x4 LONG 0xbbe J__Interrupt87
                  0x0001c4          0x4 LONG 0xbc0 J__Interrupt88
                  0x0001c6          0x4 LONG 0xbc2 J__Interrupt89
                  0x0001c8          0x4 LONG 0xbc4 J__Interrupt90
                  0x0001ca          0x4 LONG 0xbc6 J__Interrupt91
                  0x0001cc          0x4 LONG 0xbc8 J__Interrupt92
                  0x0001ce          0x4 LONG 0xbca J__Interrupt93
                  0x0001d0          0x4 LONG 0xbcc J__Interrupt94
                  0x0001d2          0x4 LONG 0xbce J__Interrupt95
                  0x0001d4          0x4 LONG 0xbd0 J__Interrupt96
                  0x0001d6          0x4 LONG 0xbd2 J__Interrupt97
                  0x0001d8          0x4 LONG 0xbd4 J__Interrupt98
                  0x0001da          0x4 LONG 0xbd6 J__Interrupt99
                  0x0001dc          0x4 LONG 0xbd8 J__Interrupt100
                  0x0001de          0x4 LONG 0xbda J__Interrupt101
                  0x0001e0          0x4 LONG 0xbdc J__Interrupt102
                  0x0001e2          0x4 LONG 0xbde J__Interrupt103
                  0x0001e4          0x4 LONG 0xbe0 J__Interrupt104
                  0x0001e6          0x4 LONG 0xbe2 J__Interrupt105
                  0x0001e8          0x4 LONG 0xbe4 J__Interrupt106
                  0x0001ea          0x4 LONG 0xbe6 J__Interrupt107
                  0x0001ec          0x4 LONG 0xbe8 J__Interrupt108
                  0x0001ee          0x4 LONG 0xbea J__Interrupt109
                  0x0001f0          0x4 LONG 0xbec J__Interrupt110
                  0x0001f2          0x4 LONG 0xbee J__Interrupt111
                  0x0001f4          0x4 LONG 0xbf0 J__Interrupt112
                  0x0001f6          0x4 LONG 0xbf2 J__Interrupt113
                  0x0001f8          0x4 LONG 0xbf4 J__Interrupt114
                  0x0001fa          0x4 LONG 0xbf6 J__Interrupt115
                  0x0001fc          0x4 LONG 0xbf8 J__Interrupt116
                  0x0001fe          0x4 LONG 0xbfa J__Interrupt117

.j_ivt            0x000b00         0xfc
                  0x000b00          0x2 SHORT 0xfffffb92 B__ReservedTrap0
                  0x000b01          0x2 SHORT 0x37
                  0x000b02          0x2 SHORT 0xfffffb91 B__OscillatorFail
                  0x000b03          0x2 SHORT 0x37
                  0x000b04          0x2 SHORT 0xfffffb90 B__AddressError
                  0x000b05          0x2 SHORT 0x37
                  0x000b06          0x2 SHORT 0xfffffb8f B__StackError
                  0x000b07          0x2 SHORT 0x37
                  0x000b08          0x2 SHORT 0xfffffb8e B__MathError
                  0x000b09          0x2 SHORT 0x37
                  0x000b0a          0x2 SHORT 0xfffffb8d B__ReservedTrap5
                  0x000b0b          0x2 SHORT 0x37
                  0x000b0c          0x2 SHORT 0xfffffb8c B__ReservedTrap6
                  0x000b0d          0x2 SHORT 0x37
                  0x000b0e          0x2 SHORT 0xfffffb8b B__ReservedTrap7
                  0x000b0f          0x2 SHORT 0x37
                  0x000b10          0x2 SHORT 0xfffffb8a B__INT0Interrupt
                  0x000b11          0x2 SHORT 0x37
                  0x000b12          0x2 SHORT 0xfffffb89 B__IC1Interrupt
                  0x000b13          0x2 SHORT 0x37
                  0x000b14          0x2 SHORT 0xfffffb88 B__OC1Interrupt
                  0x000b15          0x2 SHORT 0x37
                  0x000b16          0x2 SHORT 0xfffffb87 B__T1Interrupt
                  0x000b17          0x2 SHORT 0x37
                  0x000b18          0x2 SHORT 0xfffffb86 B__Interrupt4
                  0x000b19          0x2 SHORT 0x37
                  0x000b1a          0x2 SHORT 0xfffffb85 B__IC2Interrupt
                  0x000b1b          0x2 SHORT 0x37
                  0x000b1c          0x2 SHORT 0xfffffb84 B__OC2Interrupt
                  0x000b1d          0x2 SHORT 0x37
                  0x000b1e          0x2 SHORT 0xfffffb83 B__T2Interrupt
                  0x000b1f          0x2 SHORT 0x37
                  0x000b20          0x2 SHORT 0xfffffb82 B__T3Interrupt
                  0x000b21          0x2 SHORT 0x37
                  0x000b22          0x2 SHORT 0xfffffb81 B__SPI1ErrInterrupt
                  0x000b23          0x2 SHORT 0x37
                  0x000b24          0x2 SHORT 0xfffffb80 B__SPI1Interrupt
                  0x000b25          0x2 SHORT 0x37
                  0x000b26          0x2 SHORT 0xfffffb7f B__U1RXInterrupt
                  0x000b27          0x2 SHORT 0x37
                  0x000b28          0x2 SHORT 0xfffffb7e B__U1TXInterrupt
                  0x000b29          0x2 SHORT 0x37
                  0x000b2a          0x2 SHORT 0xfffffb7d B__ADC1Interrupt
                  0x000b2b          0x2 SHORT 0x37
                  0x000b2c          0x2 SHORT 0xfffffb7c B__Interrupt14
                  0x000b2d          0x2 SHORT 0x37
                  0x000b2e          0x2 SHORT 0xfffffb7b B__NVMInterrupt
                  0x000b2f          0x2 SHORT 0x37
                  0x000b30          0x2 SHORT 0xfffffb7a B__SI2C1Interrupt
                  0x000b31          0x2 SHORT 0x37
                  0x000b32          0x2 SHORT 0xfffffb79 B__MI2C1Interrupt
                  0x000b33          0x2 SHORT 0x37
                  0x000b34          0x2 SHORT 0xfffffb78 B__CompInterrupt
                  0x000b35          0x2 SHORT 0x37
                  0x000b36          0x2 SHORT 0xfffffb77 B__CNInterrupt
                  0x000b37          0x2 SHORT 0x37
                  0x000b38          0x2 SHORT 0xfffffb76 B__INT1Interrupt
                  0x000b39          0x2 SHORT 0x37
                  0x000b3a          0x2 SHORT 0xfffffb75 B__Interrupt21
                  0x000b3b          0x2 SHORT 0x37
                  0x000b3c          0x2 SHORT 0xfffffb74 B__Interrupt22
                  0x000b3d          0x2 SHORT 0x37
                  0x000b3e          0x2 SHORT 0xfffffb73 B__Interrupt23
                  0x000b3f          0x2 SHORT 0x37
                  0x000b40          0x2 SHORT 0xfffffb72 B__Interrupt24
                  0x000b41          0x2 SHORT 0x37
                  0x000b42          0x2 SHORT 0xfffffb71 B__OC3Interrupt
                  0x000b43          0x2 SHORT 0x37
                  0x000b44          0x2 SHORT 0xfffffb70 B__Interrupt26
                  0x000b45          0x2 SHORT 0x37
                  0x000b46          0x2 SHORT 0xfffffb6f B__T4Interrupt
                  0x000b47          0x2 SHORT 0x37
                  0x000b48          0x2 SHORT 0xfffffb6e B__T5Interrupt
                  0x000b49          0x2 SHORT 0x37
                  0x000b4a          0x2 SHORT 0xfffffb6d B__INT2Interrupt
                  0x000b4b          0x2 SHORT 0x37
                  0x000b4c          0x2 SHORT 0xfffffb6c B__U2RXInterrupt
                  0x000b4d          0x2 SHORT 0x37
                  0x000b4e          0x2 SHORT 0xfffffb6b B__U2TXInterrupt
                  0x000b4f          0x2 SHORT 0x37
                  0x000b50          0x2 SHORT 0xfffffb6a B__SPI2ErrInterrupt
                  0x000b51          0x2 SHORT 0x37
                  0x000b52          0x2 SHORT 0xfffffb69 B__SPI2Interrupt
                  0x000b53          0x2 SHORT 0x37
                  0x000b54          0x2 SHORT 0xfffffb68 B__Interrupt34
                  0x000b55          0x2 SHORT 0x37
                  0x000b56          0x2 SHORT 0xfffffb67 B__Interrupt35
                  0x000b57          0x2 SHORT 0x37
                  0x000b58          0x2 SHORT 0xfffffb66 B__Interrupt36
                  0x000b59          0x2 SHORT 0x37
                  0x000b5a          0x2 SHORT 0xfffffb65 B__IC3Interrupt
                  0x000b5b          0x2 SHORT 0x37
                  0x000b5c          0x2 SHORT 0xfffffb64 B__Interrupt38
                  0x000b5d          0x2 SHORT 0x37
                  0x000b5e          0x2 SHORT 0xfffffb63 B__Interrupt39
                  0x000b5f          0x2 SHORT 0x37
                  0x000b60          0x2 SHORT 0xfffffb62 B__Interrupt40
                  0x000b61          0x2 SHORT 0x37
                  0x000b62          0x2 SHORT 0xfffffb61 B__Interrupt41
                  0x000b63          0x2 SHORT 0x37
                  0x000b64          0x2 SHORT 0xfffffb60 B__Interrupt42
                  0x000b65          0x2 SHORT 0x37
                  0x000b66          0x2 SHORT 0xfffffb5f B__Interrupt43
                  0x000b67          0x2 SHORT 0x37
                  0x000b68          0x2 SHORT 0xfffffb5e B__Interrupt44
                  0x000b69          0x2 SHORT 0x37
                  0x000b6a          0x2 SHORT 0xfffffb5d B__Interrupt45
                  0x000b6b          0x2 SHORT 0x37
                  0x000b6c          0x2 SHORT 0xfffffb5c B__Interrupt46
                  0x000b6d          0x2 SHORT 0x37
                  0x000b6e          0x2 SHORT 0xfffffb5b B__Interrupt47
                  0x000b6f          0x2 SHORT 0x37
                  0x000b70          0x2 SHORT 0xfffffb5a B__Interrupt48
                  0x000b71          0x2 SHORT 0x37
                  0x000b72          0x2 SHORT 0xfffffb59 B__SI2C2Interrupt
                  0x000b73          0x2 SHORT 0x37
                  0x000b74          0x2 SHORT 0xfffffb58 B__MI2C2Interrupt
                  0x000b75          0x2 SHORT 0x37
                  0x000b76          0x2 SHORT 0xfffffb57 B__Interrupt51
                  0x000b77          0x2 SHORT 0x37
                  0x000b78          0x2 SHORT 0xfffffb56 B__Interrupt52
                  0x000b79          0x2 SHORT 0x37
                  0x000b7a          0x2 SHORT 0xfffffb55 B__Interrupt53
                  0x000b7b          0x2 SHORT 0x37
                  0x000b7c          0x2 SHORT 0xfffffb54 B__Interrupt54
                  0x000b7d          0x2 SHORT 0x37
                  0x000b7e          0x2 SHORT 0xfffffb53 B__Interrupt55
                  0x000b7f          0x2 SHORT 0x37
                  0x000b80          0x2 SHORT 0xfffffb52 B__Interrupt56
                  0x000b81          0x2 SHORT 0x37
                  0x000b82          0x2 SHORT 0xfffffb51 B__Interrupt57
                  0x000b83          0x2 SHORT 0x37
                  0x000b84          0x2 SHORT 0xfffffb50 B__Interrupt58
                  0x000b85          0x2 SHORT 0x37
                  0x000b86          0x2 SHORT 0xfffffb4f B__Interrupt59
                  0x000b87          0x2 SHORT 0x37
                  0x000b88          0x2 SHORT 0xfffffb4e B__Interrupt60
                  0x000b89          0x2 SHORT 0x37
                  0x000b8a          0x2 SHORT 0xfffffb4d B__Interrupt61
                  0x000b8b          0x2 SHORT 0x37
                  0x000b8c          0x2 SHORT 0xfffffb4c B__RTCCInterrupt
                  0x000b8d          0x2 SHORT 0x37
                  0x000b8e          0x2 SHORT 0xfffffb4b B__Interrupt63
                  0x000b8f          0x2 SHORT 0x37
                  0x000b90          0x2 SHORT 0xfffffb4a B__Interrupt64
                  0x000b91          0x2 SHORT 0x37
                  0x000b92          0x2 SHORT 0xfffffb49 B__U1ErrInterrupt
                  0x000b93          0x2 SHORT 0x37
                  0x000b94          0x2 SHORT 0xfffffb48 B__U2ErrInterrupt
                  0x000b95          0x2 SHORT 0x37
                  0x000b96          0x2 SHORT 0xfffffb47 B__CRCInterrupt
                  0x000b97          0x2 SHORT 0x37
                  0x000b98          0x2 SHORT 0xfffffb46 B__Interrupt68
                  0x000b99          0x2 SHORT 0x37
                  0x000b9a          0x2 SHORT 0xfffffb45 B__Interrupt69
                  0x000b9b          0x2 SHORT 0x37
                  0x000b9c          0x2 SHORT 0xfffffb44 B__Interrupt70
                  0x000b9d          0x2 SHORT 0x37
                  0x000b9e          0x2 SHORT 0xfffffb43 B__Interrupt71
                  0x000b9f          0x2 SHORT 0x37
                  0x000ba0          0x2 SHORT 0xfffffb42 B__LVDInterrupt
                  0x000ba1          0x2 SHORT 0x37
                  0x000ba2          0x2 SHORT 0xfffffb41 B__Interrupt73
                  0x000ba3          0x2 SHORT 0x37
                  0x000ba4          0x2 SHORT 0xfffffb40 B__Interrupt74
                  0x000ba5          0x2 SHORT 0x37
                  0x000ba6          0x2 SHORT 0xfffffb3f B__Interrupt75
                  0x000ba7          0x2 SHORT 0x37
                  0x000ba8          0x2 SHORT 0xfffffb3e B__Interrupt76
                  0x000ba9          0x2 SHORT 0x37
                  0x000baa          0x2 SHORT 0xfffffb3d B__CTMUInterrupt
                  0x000bab          0x2 SHORT 0x37
                  0x000bac          0x2 SHORT 0xfffffb3c B__Interrupt78
                  0x000bad          0x2 SHORT 0x37
                  0x000bae          0x2 SHORT 0xfffffb3b B__Interrupt79
                  0x000baf          0x2 SHORT 0x37
                  0x000bb0          0x2 SHORT 0xfffffb3a B__ULPWUInterrupt
                  0x000bb1          0x2 SHORT 0x37
                  0x000bb2          0x2 SHORT 0xfffffb39 B__Interrupt81
                  0x000bb3          0x2 SHORT 0x37
                  0x000bb4          0x2 SHORT 0xfffffb38 B__Interrupt82
                  0x000bb5          0x2 SHORT 0x37
                  0x000bb6          0x2 SHORT 0xfffffb37 B__Interrupt83
                  0x000bb7          0x2 SHORT 0x37
                  0x000bb8          0x2 SHORT 0xfffffb36 B__Interrupt84
                  0x000bb9          0x2 SHORT 0x37
                  0x000bba          0x2 SHORT 0xfffffb35 B__Interrupt85
                  0x000bbb          0x2 SHORT 0x37
                  0x000bbc          0x2 SHORT 0xfffffb34 B__Interrupt86
                  0x000bbd          0x2 SHORT 0x37
                  0x000bbe          0x2 SHORT 0xfffffb33 B__Interrupt87
                  0x000bbf          0x2 SHORT 0x37
                  0x000bc0          0x2 SHORT 0xfffffb32 B__Interrupt88
                  0x000bc1          0x2 SHORT 0x37
                  0x000bc2          0x2 SHORT 0xfffffb31 B__Interrupt89
                  0x000bc3          0x2 SHORT 0x37
                  0x000bc4          0x2 SHORT 0xfffffb30 B__Interrupt90
                  0x000bc5          0x2 SHORT 0x37
                  0x000bc6          0x2 SHORT 0xfffffb2f B__Interrupt91
                  0x000bc7          0x2 SHORT 0x37
                  0x000bc8          0x2 SHORT 0xfffffb2e B__Interrupt92
                  0x000bc9          0x2 SHORT 0x37
                  0x000bca          0x2 SHORT 0xfffffb2d B__Interrupt93
                  0x000bcb          0x2 SHORT 0x37
                  0x000bcc          0x2 SHORT 0xfffffb2c B__Interrupt94
                  0x000bcd          0x2 SHORT 0x37
                  0x000bce          0x2 SHORT 0xfffffb2b B__Interrupt95
                  0x000bcf          0x2 SHORT 0x37
                  0x000bd0          0x2 SHORT 0xfffffb2a B__Interrupt96
                  0x000bd1          0x2 SHORT 0x37
                  0x000bd2          0x2 SHORT 0xfffffb29 B__Interrupt97
                  0x000bd3          0x2 SHORT 0x37
                  0x000bd4          0x2 SHORT 0xfffffb28 B__Interrupt98
                  0x000bd5          0x2 SHORT 0x37
                  0x000bd6          0x2 SHORT 0xfffffb27 B__Interrupt99
                  0x000bd7          0x2 SHORT 0x37
                  0x000bd8          0x2 SHORT 0xfffffb26 B__Interrupt100
                  0x000bd9          0x2 SHORT 0x37
                  0x000bda          0x2 SHORT 0xfffffb25 B__Interrupt101
                  0x000bdb          0x2 SHORT 0x37
                  0x000bdc          0x2 SHORT 0xfffffb24 B__Interrupt102
                  0x000bdd          0x2 SHORT 0x37
                  0x000bde          0x2 SHORT 0xfffffb23 B__Interrupt103
                  0x000bdf          0x2 SHORT 0x37
                  0x000be0          0x2 SHORT 0xfffffb22 B__Interrupt104
                  0x000be1          0x2 SHORT 0x37
                  0x000be2          0x2 SHORT 0xfffffb21 B__Interrupt105
                  0x000be3          0x2 SHORT 0x37
                  0x000be4          0x2 SHORT 0xfffffb20 B__Interrupt106
                  0x000be5          0x2 SHORT 0x37
                  0x000be6          0x2 SHORT 0xfffffb1f B__Interrupt107
                  0x000be7          0x2 SHORT 0x37
                  0x000be8          0x2 SHORT 0xfffffb1e B__Interrupt108
                  0x000be9          0x2 SHORT 0x37
                  0x000bea          0x2 SHORT 0xfffffb1d B__Interrupt109
                  0x000beb          0x2 SHORT 0x37
                  0x000bec          0x2 SHORT 0xfffffb1c B__Interrupt110
                  0x000bed          0x2 SHORT 0x37
                  0x000bee          0x2 SHORT 0xfffffb1b B__Interrupt111
                  0x000bef          0x2 SHORT 0x37
                  0x000bf0          0x2 SHORT 0xfffffb1a B__Interrupt112
                  0x000bf1          0x2 SHORT 0x37
                  0x000bf2          0x2 SHORT 0xfffffb19 B__Interrupt113
                  0x000bf3          0x2 SHORT 0x37
                  0x000bf4          0x2 SHORT 0xfffffb18 B__Interrupt114
                  0x000bf5          0x2 SHORT 0x37
                  0x000bf6          0x2 SHORT 0xfffffb17 B__Interrupt115
                  0x000bf7          0x2 SHORT 0x37
                  0x000bf8          0x2 SHORT 0xfffffb16 B__Interrupt116
                  0x000bf9          0x2 SHORT 0x37
                  0x000bfa          0x2 SHORT 0xfffffb15 B__Interrupt117
                  0x000bfb          0x2 SHORT 0x37
                    0x0000                  WREG0 = 0x0
                    0x0000                  _WREG0 = 0x0
                    0x0002                  WREG1 = 0x2
                    0x0002                  _WREG1 = 0x2
                    0x0004                  WREG2 = 0x4
                    0x0004                  _WREG2 = 0x4
                    0x0006                  WREG3 = 0x6
                    0x0006                  _WREG3 = 0x6
                    0x0008                  WREG4 = 0x8
                    0x0008                  _WREG4 = 0x8
                    0x000a                  WREG5 = 0xa
                    0x000a                  _WREG5 = 0xa
                    0x000c                  WREG6 = 0xc
                    0x000c                  _WREG6 = 0xc
                    0x000e                  WREG7 = 0xe
                    0x000e                  _WREG7 = 0xe
                    0x0010                  WREG8 = 0x10
                    0x0010                  _WREG8 = 0x10
                    0x0012                  WREG9 = 0x12
                    0x0012                  _WREG9 = 0x12
                    0x0014                  WREG10 = 0x14
                    0x0014                  _WREG10 = 0x14
                    0x0016                  WREG11 = 0x16
                    0x0016                  _WREG11 = 0x16
                    0x0018                  WREG12 = 0x18
                    0x0018                  _WREG12 = 0x18
                    0x001a                  WREG13 = 0x1a
                    0x001a                  _WREG13 = 0x1a
                    0x001c                  WREG14 = 0x1c
                    0x001c                  _WREG14 = 0x1c
                    0x001e                  WREG15 = 0x1e
                    0x001e                  _WREG15 = 0x1e
                    0x0020                  SPLIM = 0x20
                    0x0020                  _SPLIM = 0x20
                    0x002e                  PCL = 0x2e
                    0x002e                  _PCL = 0x2e
                    0x0030                  PCH = 0x30
                    0x0030                  _PCH = 0x30
                    0x0032                  TBLPAG = 0x32
                    0x0032                  _TBLPAG = 0x32
                    0x0034                  PSVPAG = 0x34
                    0x0034                  _PSVPAG = 0x34
                    0x0036                  RCOUNT = 0x36
                    0x0036                  _RCOUNT = 0x36
                    0x0036                  _RCOUNTbits = 0x36
                    0x0042                  SR = 0x42
                    0x0042                  _SR = 0x42
                    0x0042                  _SRbits = 0x42
                    0x0044                  CORCON = 0x44
                    0x0044                  _CORCON = 0x44
                    0x0044                  _CORCONbits = 0x44
                    0x0052                  DISICNT = 0x52
                    0x0052                  _DISICNT = 0x52
                    0x0056                  CNPD1 = 0x56
                    0x0056                  _CNPD1 = 0x56
                    0x0056                  _CNPD1bits = 0x56
                    0x0058                  CNPD2 = 0x58
                    0x0058                  _CNPD2 = 0x58
                    0x0058                  _CNPD2bits = 0x58
                    0x005a                  CNPD3 = 0x5a
                    0x005a                  _CNPD3 = 0x5a
                    0x0062                  CNEN1 = 0x62
                    0x0062                  _CNEN1 = 0x62
                    0x0062                  _CNEN1bits = 0x62
                    0x0064                  CNEN2 = 0x64
                    0x0064                  _CNEN2 = 0x64
                    0x0064                  _CNEN2bits = 0x64
                    0x0066                  CNEN3 = 0x66
                    0x0066                  _CNEN3 = 0x66
                    0x006e                  CNPU1 = 0x6e
                    0x006e                  _CNPU1 = 0x6e
                    0x006e                  _CNPU1bits = 0x6e
                    0x0070                  CNPU2 = 0x70
                    0x0070                  _CNPU2 = 0x70
                    0x0070                  _CNPU2bits = 0x70
                    0x0072                  CNPU3 = 0x72
                    0x0072                  _CNPU3 = 0x72
                    0x0080                  INTCON1 = 0x80
                    0x0080                  _INTCON1 = 0x80
                    0x0080                  _INTCON1bits = 0x80
                    0x0082                  INTCON2 = 0x82
                    0x0082                  _INTCON2 = 0x82
                    0x0082                  _INTCON2bits = 0x82
                    0x0084                  IFS0 = 0x84
                    0x0084                  _IFS0 = 0x84
                    0x0084                  _IFS0bits = 0x84
                    0x0086                  IFS1 = 0x86
                    0x0086                  _IFS1 = 0x86
                    0x0086                  _IFS1bits = 0x86
                    0x0088                  IFS2 = 0x88
                    0x0088                  _IFS2 = 0x88
                    0x0088                  _IFS2bits = 0x88
                    0x008a                  IFS3 = 0x8a
                    0x008a                  _IFS3 = 0x8a
                    0x008a                  _IFS3bits = 0x8a
                    0x008c                  IFS4 = 0x8c
                    0x008c                  _IFS4 = 0x8c
                    0x008c                  _IFS4bits = 0x8c
                    0x008e                  IFS5 = 0x8e
                    0x008e                  _IFS5 = 0x8e
                    0x008e                  _IFS5bits = 0x8e
                    0x0094                  IEC0 = 0x94
                    0x0094                  _IEC0 = 0x94
                    0x0094                  _IEC0bits = 0x94
                    0x0096                  IEC1 = 0x96
                    0x0096                  _IEC1 = 0x96
                    0x0096                  _IEC1bits = 0x96
                    0x0098                  IEC2 = 0x98
                    0x0098                  _IEC2 = 0x98
                    0x0098                  _IEC2bits = 0x98
                    0x009a                  IEC3 = 0x9a
                    0x009a                  _IEC3 = 0x9a
                    0x009a                  _IEC3bits = 0x9a
                    0x009c                  IEC4 = 0x9c
                    0x009c                  _IEC4 = 0x9c
                    0x009c                  _IEC4bits = 0x9c
                    0x009e                  IEC5 = 0x9e
                    0x009e                  _IEC5 = 0x9e
                    0x009e                  _IEC5bits = 0x9e
                    0x00a4                  IPC0 = 0xa4
                    0x00a4                  _IPC0 = 0xa4
                    0x00a4                  _IPC0bits = 0xa4
                    0x00a6                  IPC1 = 0xa6
                    0x00a6                  _IPC1 = 0xa6
                    0x00a6                  _IPC1bits = 0xa6
                    0x00a8                  IPC2 = 0xa8
                    0x00a8                  _IPC2 = 0xa8
                    0x00a8                  _IPC2bits = 0xa8
                    0x00aa                  IPC3 = 0xaa
                    0x00aa                  _IPC3 = 0xaa
                    0x00aa                  _IPC3bits = 0xaa
                    0x00ac                  IPC4 = 0xac
                    0x00ac                  _IPC4 = 0xac
                    0x00ac                  _IPC4bits = 0xac
                    0x00ae                  IPC5 = 0xae
                    0x00ae                  _IPC5 = 0xae
                    0x00ae                  _IPC5bits = 0xae
                    0x00b0                  IPC6 = 0xb0
                    0x00b0                  _IPC6 = 0xb0
                    0x00b0                  _IPC6bits = 0xb0
                    0x00b2                  IPC7 = 0xb2
                    0x00b2                  _IPC7 = 0xb2
                    0x00b2                  _IPC7bits = 0xb2
                    0x00b4                  IPC8 = 0xb4
                    0x00b4                  _IPC8 = 0xb4
                    0x00b4                  _IPC8bits = 0xb4
                    0x00b6                  IPC9 = 0xb6
                    0x00b6                  _IPC9 = 0xb6
                    0x00b6                  _IPC9bits = 0xb6
                    0x00bc                  IPC12 = 0xbc
                    0x00bc                  _IPC12 = 0xbc
                    0x00bc                  _IPC12bits = 0xbc
                    0x00c2                  IPC15 = 0xc2
                    0x00c2                  _IPC15 = 0xc2
                    0x00c2                  _IPC15bits = 0xc2
                    0x00c4                  IPC16 = 0xc4
                    0x00c4                  _IPC16 = 0xc4
                    0x00c4                  _IPC16bits = 0xc4
                    0x00c8                  IPC18 = 0xc8
                    0x00c8                  _IPC18 = 0xc8
                    0x00c8                  _IPC18bits = 0xc8
                    0x00ca                  IPC19 = 0xca
                    0x00ca                  _IPC19 = 0xca
                    0x00ca                  _IPC19bits = 0xca
                    0x00cc                  IPC20 = 0xcc
                    0x00cc                  _IPC20 = 0xcc
                    0x00cc                  _IPC20bits = 0xcc
                    0x00e0                  INTTREG = 0xe0
                    0x00e0                  _INTTREG = 0xe0
                    0x00e0                  _INTTREGbits = 0xe0
                    0x0100                  TMR1 = 0x100
                    0x0100                  _TMR1 = 0x100
                    0x0102                  PR1 = 0x102
                    0x0102                  _PR1 = 0x102
                    0x0104                  T1CON = 0x104
                    0x0104                  _T1CON = 0x104
                    0x0104                  _T1CONbits = 0x104
                    0x0106                  TMR2 = 0x106
                    0x0106                  _TMR2 = 0x106
                    0x0108                  TMR3HLD = 0x108
                    0x0108                  _TMR3HLD = 0x108
                    0x010a                  TMR3 = 0x10a
                    0x010a                  _TMR3 = 0x10a
                    0x010c                  PR2 = 0x10c
                    0x010c                  _PR2 = 0x10c
                    0x010e                  PR3 = 0x10e
                    0x010e                  _PR3 = 0x10e
                    0x0110                  T2CON = 0x110
                    0x0110                  _T2CON = 0x110
                    0x0110                  _T2CONbits = 0x110
                    0x0112                  T3CON = 0x112
                    0x0112                  _T3CON = 0x112
                    0x0112                  _T3CONbits = 0x112
                    0x0114                  TMR4 = 0x114
                    0x0114                  _TMR4 = 0x114
                    0x0116                  TMR5HLD = 0x116
                    0x0116                  _TMR5HLD = 0x116
                    0x0118                  TMR5 = 0x118
                    0x0118                  _TMR5 = 0x118
                    0x011a                  PR4 = 0x11a
                    0x011a                  _PR4 = 0x11a
                    0x011c                  PR5 = 0x11c
                    0x011c                  _PR5 = 0x11c
                    0x011e                  T4CON = 0x11e
                    0x011e                  _T4CON = 0x11e
                    0x011e                  _T4CONbits = 0x11e
                    0x0120                  T5CON = 0x120
                    0x0120                  _T5CON = 0x120
                    0x0120                  _T5CONbits = 0x120
                    0x0140                  IC1CON1 = 0x140
                    0x0140                  _IC1CON1 = 0x140
                    0x0140                  _IC1CON1bits = 0x140
                    0x0142                  IC1CON2 = 0x142
                    0x0142                  _IC1CON2 = 0x142
                    0x0142                  _IC1CON2bits = 0x142
                    0x0144                  IC1BUF = 0x144
                    0x0144                  _IC1BUF = 0x144
                    0x0146                  IC1TMR = 0x146
                    0x0146                  _IC1TMR = 0x146
                    0x0148                  IC2CON1 = 0x148
                    0x0148                  _IC2CON1 = 0x148
                    0x0148                  _IC2CON1bits = 0x148
                    0x014a                  IC2CON2 = 0x14a
                    0x014a                  _IC2CON2 = 0x14a
                    0x014a                  _IC2CON2bits = 0x14a
                    0x014c                  IC2BUF = 0x14c
                    0x014c                  _IC2BUF = 0x14c
                    0x014e                  IC2TMR = 0x14e
                    0x014e                  _IC2TMR = 0x14e
                    0x0150                  IC3CON1 = 0x150
                    0x0150                  _IC3CON1 = 0x150
                    0x0150                  _IC3CON1bits = 0x150
                    0x0152                  IC3CON2 = 0x152
                    0x0152                  _IC3CON2 = 0x152
                    0x0152                  _IC3CON2bits = 0x152
                    0x0154                  IC3BUF = 0x154
                    0x0154                  _IC3BUF = 0x154
                    0x0156                  IC3TMR = 0x156
                    0x0156                  _IC3TMR = 0x156
                    0x0190                  OC1CON1 = 0x190
                    0x0190                  _OC1CON1 = 0x190
                    0x0190                  _OC1CON1bits = 0x190
                    0x0192                  OC1CON2 = 0x192
                    0x0192                  _OC1CON2 = 0x192
                    0x0192                  _OC1CON2bits = 0x192
                    0x0194                  OC1RS = 0x194
                    0x0194                  _OC1RS = 0x194
                    0x0196                  OC1R = 0x196
                    0x0196                  _OC1R = 0x196
                    0x0198                  OC1TMR = 0x198
                    0x0198                  _OC1TMR = 0x198
                    0x019a                  OC2CON1 = 0x19a
                    0x019a                  _OC2CON1 = 0x19a
                    0x019a                  _OC2CON1bits = 0x19a
                    0x019c                  OC2CON2 = 0x19c
                    0x019c                  _OC2CON2 = 0x19c
                    0x019c                  _OC2CON2bits = 0x19c
                    0x019e                  OC2RS = 0x19e
                    0x019e                  _OC2RS = 0x19e
                    0x01a0                  OC2R = 0x1a0
                    0x01a0                  _OC2R = 0x1a0
                    0x01a2                  OC2TMR = 0x1a2
                    0x01a2                  _OC2TMR = 0x1a2
                    0x01a4                  OC3CON1 = 0x1a4
                    0x01a4                  _OC3CON1 = 0x1a4
                    0x01a4                  _OC3CON1bits = 0x1a4
                    0x01a6                  OC3CON2 = 0x1a6
                    0x01a6                  _OC3CON2 = 0x1a6
                    0x01a6                  _OC3CON2bits = 0x1a6
                    0x01a8                  OC3RS = 0x1a8
                    0x01a8                  _OC3RS = 0x1a8
                    0x01aa                  OC3R = 0x1aa
                    0x01aa                  _OC3R = 0x1aa
                    0x01ac                  OC3TMR = 0x1ac
                    0x01ac                  _OC3TMR = 0x1ac
                    0x0200                  I2C1RCV = 0x200
                    0x0200                  _I2C1RCV = 0x200
                    0x0202                  I2C1TRN = 0x202
                    0x0202                  _I2C1TRN = 0x202
                    0x0204                  I2C1BRG = 0x204
                    0x0204                  _I2C1BRG = 0x204
                    0x0206                  I2C1CON = 0x206
                    0x0206                  _I2C1CON = 0x206
                    0x0206                  _I2C1CONbits = 0x206
                    0x0208                  I2C1STAT = 0x208
                    0x0208                  _I2C1STAT = 0x208
                    0x0208                  _I2C1STATbits = 0x208
                    0x020a                  I2C1ADD = 0x20a
                    0x020a                  _I2C1ADD = 0x20a
                    0x020c                  I2C1MSK = 0x20c
                    0x020c                  _I2C1MSK = 0x20c
                    0x0210                  I2C2RCV = 0x210
                    0x0210                  _I2C2RCV = 0x210
                    0x0212                  I2C2TRN = 0x212
                    0x0212                  _I2C2TRN = 0x212
                    0x0214                  I2C2BRG = 0x214
                    0x0214                  _I2C2BRG = 0x214
                    0x0216                  I2C2CON = 0x216
                    0x0216                  _I2C2CON = 0x216
                    0x0216                  _I2C2CONbits = 0x216
                    0x0218                  I2C2STAT = 0x218
                    0x0218                  _I2C2STAT = 0x218
                    0x0218                  _I2C2STATbits = 0x218
                    0x021a                  I2C2ADD = 0x21a
                    0x021a                  _I2C2ADD = 0x21a
                    0x021c                  I2C2MSK = 0x21c
                    0x021c                  _I2C2MSK = 0x21c
                    0x0220                  U1MODE = 0x220
                    0x0220                  _U1MODE = 0x220
                    0x0220                  _U1MODEbits = 0x220
                    0x0222                  U1STA = 0x222
                    0x0222                  _U1STA = 0x222
                    0x0222                  _U1STAbits = 0x222
                    0x0224                  U1TXREG = 0x224
                    0x0224                  _U1TXREG = 0x224
                    0x0224                  _U1TXREGbits = 0x224
                    0x0226                  U1RXREG = 0x226
                    0x0226                  _U1RXREG = 0x226
                    0x0226                  _U1RXREGbits = 0x226
                    0x0228                  U1BRG = 0x228
                    0x0228                  _U1BRG = 0x228
                    0x0230                  U2MODE = 0x230
                    0x0230                  _U2MODE = 0x230
                    0x0230                  _U2MODEbits = 0x230
                    0x0232                  U2STA = 0x232
                    0x0232                  _U2STA = 0x232
                    0x0232                  _U2STAbits = 0x232
                    0x0234                  U2TXREG = 0x234
                    0x0234                  _U2TXREG = 0x234
                    0x0234                  _U2TXREGbits = 0x234
                    0x0236                  U2RXREG = 0x236
                    0x0236                  _U2RXREG = 0x236
                    0x0236                  _U2RXREGbits = 0x236
                    0x0238                  U2BRG = 0x238
                    0x0238                  _U2BRG = 0x238
                    0x0240                  SPI1STAT = 0x240
                    0x0240                  _SPI1STAT = 0x240
                    0x0240                  _SPI1STATbits = 0x240
                    0x0242                  SPI1CON1 = 0x242
                    0x0242                  _SPI1CON1 = 0x242
                    0x0242                  _SPI1CON1bits = 0x242
                    0x0244                  SPI1CON2 = 0x244
                    0x0244                  _SPI1CON2 = 0x244
                    0x0244                  _SPI1CON2bits = 0x244
                    0x0248                  SPI1BUF = 0x248
                    0x0248                  _SPI1BUF = 0x248
                    0x0260                  SPI2STAT = 0x260
                    0x0260                  _SPI2STAT = 0x260
                    0x0260                  _SPI2STATbits = 0x260
                    0x0262                  SPI2CON1 = 0x262
                    0x0262                  _SPI2CON1 = 0x262
                    0x0262                  _SPI2CON1bits = 0x262
                    0x0264                  SPI2CON2 = 0x264
                    0x0264                  _SPI2CON2 = 0x264
                    0x0264                  _SPI2CON2bits = 0x264
                    0x0268                  SPI2BUF = 0x268
                    0x0268                  _SPI2BUF = 0x268
                    0x02c0                  TRISA = 0x2c0
                    0x02c0                  _TRISA = 0x2c0
                    0x02c0                  _TRISAbits = 0x2c0
                    0x02c2                  PORTA = 0x2c2
                    0x02c2                  _PORTA = 0x2c2
                    0x02c2                  _PORTAbits = 0x2c2
                    0x02c4                  LATA = 0x2c4
                    0x02c4                  _LATA = 0x2c4
                    0x02c4                  _LATAbits = 0x2c4
                    0x02c6                  ODCA = 0x2c6
                    0x02c6                  _ODCA = 0x2c6
                    0x02c6                  _ODCAbits = 0x2c6
                    0x02c8                  TRISB = 0x2c8
                    0x02c8                  _TRISB = 0x2c8
                    0x02c8                  _TRISBbits = 0x2c8
                    0x02ca                  PORTB = 0x2ca
                    0x02ca                  _PORTB = 0x2ca
                    0x02ca                  _PORTBbits = 0x2ca
                    0x02cc                  LATB = 0x2cc
                    0x02cc                  _LATB = 0x2cc
                    0x02cc                  _LATBbits = 0x2cc
                    0x02ce                  ODCB = 0x2ce
                    0x02ce                  _ODCB = 0x2ce
                    0x02ce                  _ODCBbits = 0x2ce
                    0x02fc                  PADCFG1 = 0x2fc
                    0x02fc                  _PADCFG1 = 0x2fc
                    0x02fc                  _PADCFG1bits = 0x2fc
                    0x0300                  ADC1BUF0 = 0x300
                    0x0300                  _ADC1BUF0 = 0x300
                    0x0302                  ADC1BUF1 = 0x302
                    0x0302                  _ADC1BUF1 = 0x302
                    0x0304                  ADC1BUF2 = 0x304
                    0x0304                  _ADC1BUF2 = 0x304
                    0x0306                  ADC1BUF3 = 0x306
                    0x0306                  _ADC1BUF3 = 0x306
                    0x0308                  ADC1BUF4 = 0x308
                    0x0308                  _ADC1BUF4 = 0x308
                    0x030a                  ADC1BUF5 = 0x30a
                    0x030a                  _ADC1BUF5 = 0x30a
                    0x030c                  ADC1BUF6 = 0x30c
                    0x030c                  _ADC1BUF6 = 0x30c
                    0x030e                  ADC1BUF7 = 0x30e
                    0x030e                  _ADC1BUF7 = 0x30e
                    0x0310                  ADC1BUF8 = 0x310
                    0x0310                  _ADC1BUF8 = 0x310
                    0x0312                  ADC1BUF9 = 0x312
                    0x0312                  _ADC1BUF9 = 0x312
                    0x0314                  ADC1BUF10 = 0x314
                    0x0314                  _ADC1BUF10 = 0x314
                    0x0316                  ADC1BUF11 = 0x316
                    0x0316                  _ADC1BUF11 = 0x316
                    0x0318                  ADC1BUF12 = 0x318
                    0x0318                  _ADC1BUF12 = 0x318
                    0x031a                  ADC1BUF13 = 0x31a
                    0x031a                  _ADC1BUF13 = 0x31a
                    0x031c                  ADC1BUF14 = 0x31c
                    0x031c                  _ADC1BUF14 = 0x31c
                    0x031e                  ADC1BUF15 = 0x31e
                    0x031e                  _ADC1BUF15 = 0x31e
                    0x0320                  ADC1BUF16 = 0x320
                    0x0320                  _ADC1BUF16 = 0x320
                    0x0322                  ADC1BUF17 = 0x322
                    0x0322                  _ADC1BUF17 = 0x322
                    0x0340                  AD1CON1 = 0x340
                    0x0340                  _AD1CON1 = 0x340
                    0x0340                  _AD1CON1bits = 0x340
                    0x0342                  AD1CON2 = 0x342
                    0x0342                  _AD1CON2 = 0x342
                    0x0342                  _AD1CON2bits = 0x342
                    0x0344                  AD1CON3 = 0x344
                    0x0344                  _AD1CON3 = 0x344